Archive member included to satisfy reference by file (symbol)

c:/program files (x86)/atmel/studio/7.0/toolchain/avr8/avr8-gnu-toolchain/bin/../lib/gcc/avr/5.4.0/../../../../avr/lib/avr51\libm.a(addsf3.o)
                              controller.o (__subsf3)
c:/program files (x86)/atmel/studio/7.0/toolchain/avr8/avr8-gnu-toolchain/bin/../lib/gcc/avr/5.4.0/../../../../avr/lib/avr51\libm.a(addsf3x.o)
                              c:/program files (x86)/atmel/studio/7.0/toolchain/avr8/avr8-gnu-toolchain/bin/../lib/gcc/avr/5.4.0/../../../../avr/lib/avr51\libm.a(addsf3.o) (__addsf3x)
c:/program files (x86)/atmel/studio/7.0/toolchain/avr8/avr8-gnu-toolchain/bin/../lib/gcc/avr/5.4.0/../../../../avr/lib/avr51\libm.a(cmpsf2.o)
                              actuator.o (__ltsf2)
c:/program files (x86)/atmel/studio/7.0/toolchain/avr8/avr8-gnu-toolchain/bin/../lib/gcc/avr/5.4.0/../../../../avr/lib/avr51\libm.a(divsf3.o)
                              controller.o (__divsf3)
c:/program files (x86)/atmel/studio/7.0/toolchain/avr8/avr8-gnu-toolchain/bin/../lib/gcc/avr/5.4.0/../../../../avr/lib/avr51\libm.a(divsf3x.o)
                              c:/program files (x86)/atmel/studio/7.0/toolchain/avr8/avr8-gnu-toolchain/bin/../lib/gcc/avr/5.4.0/../../../../avr/lib/avr51\libm.a(divsf3.o) (__divsf3x)
c:/program files (x86)/atmel/studio/7.0/toolchain/avr8/avr8-gnu-toolchain/bin/../lib/gcc/avr/5.4.0/../../../../avr/lib/avr51\libm.a(fixsfsi.o)
                              actuator.o (__fixsfsi)
c:/program files (x86)/atmel/studio/7.0/toolchain/avr8/avr8-gnu-toolchain/bin/../lib/gcc/avr/5.4.0/../../../../avr/lib/avr51\libm.a(fixunssfsi.o)
                              controller.o (__fixunssfsi)
c:/program files (x86)/atmel/studio/7.0/toolchain/avr8/avr8-gnu-toolchain/bin/../lib/gcc/avr/5.4.0/../../../../avr/lib/avr51\libm.a(floatsisf.o)
                              controller.o (__floatunsisf)
c:/program files (x86)/atmel/studio/7.0/toolchain/avr8/avr8-gnu-toolchain/bin/../lib/gcc/avr/5.4.0/../../../../avr/lib/avr51\libm.a(fp_cmp.o)
                              c:/program files (x86)/atmel/studio/7.0/toolchain/avr8/avr8-gnu-toolchain/bin/../lib/gcc/avr/5.4.0/../../../../avr/lib/avr51\libm.a(cmpsf2.o) (__fp_cmp)
c:/program files (x86)/atmel/studio/7.0/toolchain/avr8/avr8-gnu-toolchain/bin/../lib/gcc/avr/5.4.0/../../../../avr/lib/avr51\libm.a(fp_inf.o)
                              c:/program files (x86)/atmel/studio/7.0/toolchain/avr8/avr8-gnu-toolchain/bin/../lib/gcc/avr/5.4.0/../../../../avr/lib/avr51\libm.a(addsf3x.o) (__fp_inf)
c:/program files (x86)/atmel/studio/7.0/toolchain/avr8/avr8-gnu-toolchain/bin/../lib/gcc/avr/5.4.0/../../../../avr/lib/avr51\libm.a(fp_nan.o)
                              c:/program files (x86)/atmel/studio/7.0/toolchain/avr8/avr8-gnu-toolchain/bin/../lib/gcc/avr/5.4.0/../../../../avr/lib/avr51\libm.a(addsf3x.o) (__fp_nan)
c:/program files (x86)/atmel/studio/7.0/toolchain/avr8/avr8-gnu-toolchain/bin/../lib/gcc/avr/5.4.0/../../../../avr/lib/avr51\libm.a(fp_pscA.o)
                              c:/program files (x86)/atmel/studio/7.0/toolchain/avr8/avr8-gnu-toolchain/bin/../lib/gcc/avr/5.4.0/../../../../avr/lib/avr51\libm.a(addsf3x.o) (__fp_pscA)
c:/program files (x86)/atmel/studio/7.0/toolchain/avr8/avr8-gnu-toolchain/bin/../lib/gcc/avr/5.4.0/../../../../avr/lib/avr51\libm.a(fp_pscB.o)
                              c:/program files (x86)/atmel/studio/7.0/toolchain/avr8/avr8-gnu-toolchain/bin/../lib/gcc/avr/5.4.0/../../../../avr/lib/avr51\libm.a(addsf3x.o) (__fp_pscB)
c:/program files (x86)/atmel/studio/7.0/toolchain/avr8/avr8-gnu-toolchain/bin/../lib/gcc/avr/5.4.0/../../../../avr/lib/avr51\libm.a(fp_round.o)
                              c:/program files (x86)/atmel/studio/7.0/toolchain/avr8/avr8-gnu-toolchain/bin/../lib/gcc/avr/5.4.0/../../../../avr/lib/avr51\libm.a(addsf3.o) (__fp_round)
c:/program files (x86)/atmel/studio/7.0/toolchain/avr8/avr8-gnu-toolchain/bin/../lib/gcc/avr/5.4.0/../../../../avr/lib/avr51\libm.a(fp_split3.o)
                              c:/program files (x86)/atmel/studio/7.0/toolchain/avr8/avr8-gnu-toolchain/bin/../lib/gcc/avr/5.4.0/../../../../avr/lib/avr51\libm.a(addsf3x.o) (__fp_split3)
c:/program files (x86)/atmel/studio/7.0/toolchain/avr8/avr8-gnu-toolchain/bin/../lib/gcc/avr/5.4.0/../../../../avr/lib/avr51\libm.a(fp_zero.o)
                              c:/program files (x86)/atmel/studio/7.0/toolchain/avr8/avr8-gnu-toolchain/bin/../lib/gcc/avr/5.4.0/../../../../avr/lib/avr51\libm.a(addsf3x.o) (__fp_zero)
c:/program files (x86)/atmel/studio/7.0/toolchain/avr8/avr8-gnu-toolchain/bin/../lib/gcc/avr/5.4.0/../../../../avr/lib/avr51\libm.a(gesf2.o)
                              controller.o (__gesf2)
c:/program files (x86)/atmel/studio/7.0/toolchain/avr8/avr8-gnu-toolchain/bin/../lib/gcc/avr/5.4.0/../../../../avr/lib/avr51\libm.a(mulsf3.o)
                              actuator.o (__mulsf3)
[...]
Memory Configuration

Name             Origin             Length             Attributes
text             0x00000000         0x00020000         xr
data             0x00800100         0x0000ff00         rw !x
eeprom           0x00810000         0x00010000         rw !x
fuse             0x00820000         0x00000003         rw !x
lock             0x00830000         0x00000400         rw !x
signature        0x00840000         0x00000400         rw !x
user_signatures  0x00850000         0x00000400         rw !x
*default*        0x00000000         0xffffffff

Linker script and memory map

Address of section .data set to 0x800100
LOAD C:/Program Files (x86)/Atmel/Studio/7.0/Packs/atmel/ATmega_DFP/1.1.130/gcc/dev/at90can128/avr51/crtat90can128.o
LOAD actuator.o
LOAD controller.o
LOAD DigiCom.o
LOAD speed.o
LOAD state_machine.o
LOAD pwm.o
LOAD usart.o
LOAD main.o
LOAD pid.o
LOAD sensors.o
LOAD UniversalModuleDrivers/adc.o
LOAD UniversalModuleDrivers/can.o
LOAD UniversalModuleDrivers/rgbled.o
LOAD UniversalModuleDrivers/spi.o
LOAD UniversalModuleDrivers/timer.o
LOAD UniversalModuleDrivers/uart.o
LOAD usbdb.o
START GROUP
LOAD c:/program files (x86)/atmel/studio/7.0/toolchain/avr8/avr8-gnu-toolchain/bin/../lib/gcc/avr/5.4.0/../../../../avr/lib/avr51\libm.a
END GROUP
START GROUP
LOAD c:/program files (x86)/atmel/studio/7.0/toolchain/avr8/avr8-gnu-toolchain/bin/../lib/gcc/avr/5.4.0/avr51\libgcc.a
LOAD c:/program files (x86)/atmel/studio/7.0/toolchain/avr8/avr8-gnu-toolchain/bin/../lib/gcc/avr/5.4.0/../../../../avr/lib/avr51\libm.a
LOAD c:/program files (x86)/atmel/studio/7.0/toolchain/avr8/avr8-gnu-toolchain/bin/../lib/gcc/avr/5.4.0/../../../../avr/lib/avr51\libc.a
LOAD C:/Program Files (x86)/Atmel/Studio/7.0/Packs/atmel/ATmega_DFP/1.1.130/gcc/dev/at90can128/avr51\libat90can128.a
END GROUP
                0x00020000                __TEXT_REGION_LENGTH__ = DEFINED (__TEXT_REGION_LENGTH__)?__TEXT_REGION_LENGTH__:0x20000
                0x0000ff00                __DATA_REGION_LENGTH__ = DEFINED (__DATA_REGION_LENGTH__)?__DATA_REGION_LENGTH__:0xff00
                0x00010000                __EEPROM_REGION_LENGTH__ = DEFINED (__EEPROM_REGION_LENGTH__)?__EEPROM_REGION_LENGTH__:0x10000
                [0x00000003]                __FUSE_REGION_LENGTH__ = DEFINED (__FUSE_REGION_LENGTH__)?__FUSE_REGION_LENGTH__:0x400
                0x00000400                __LOCK_REGION_LENGTH__ = DEFINED (__LOCK_REGION_LENGTH__)?__LOCK_REGION_LENGTH__:0x400
                0x00000400                __SIGNATURE_REGION_LENGTH__ = DEFINED (__SIGNATURE_REGION_LENGTH__)?__SIGNATURE_REGION_LENGTH__:0x400
                0x00000400                __USER_SIGNATURE_REGION_LENGTH__ = DEFINED (__USER_SIGNATURE_REGION_LENGTH__)?__USER_SIGNATURE_REGION_LENGTH__:0x400

.hash
 *(.hash)

.dynsym
 *(.dynsym)

.dynstr
 *(.dynstr)

.gnu.version
 *(.gnu.version)

.gnu.version_d
 *(.gnu.version_d)

.gnu.version_r
 *(.gnu.version_r)

.rel.init
 *(.rel.init)

.rela.init
 *(.rela.init)

.rel.text
 *(.rel.text)
 *(.rel.text.*)
 *(.rel.gnu.linkonce.t*)

.rela.text
 *(.rela.text)
 *(.rela.text.*)
 *(.rela.gnu.linkonce.t*)

.rel.fini
 *(.rel.fini)

.rela.fini
 *(.rela.fini)

.rel.rodata
 *(.rel.rodata)
 *(.rel.rodata.*)
 *(.rel.gnu.linkonce.r*)

.rela.rodata
 *(.rela.rodata)
 *(.rela.rodata.*)
 *(.rela.gnu.linkonce.r*)

.rel.data
 *(.rel.data)
 *(.rel.data.*)
 *(.rel.gnu.linkonce.d*)

.rela.data
 *(.rela.data)
 *(.rela.data.*)
 *(.rela.gnu.linkonce.d*)

.rel.ctors
 *(.rel.ctors)

.rela.ctors
 *(.rela.ctors)

.rel.dtors
 *(.rel.dtors)

.rela.dtors
 *(.rela.dtors)

.rel.got
 *(.rel.got)

.rela.got
 *(.rela.got)

.rel.bss
 *(.rel.bss)

.rela.bss
 *(.rela.bss)

.rel.plt
 *(.rel.plt)

.rela.plt
 *(.rela.plt)

.text           0x00000000     0x2df0
 *(.vectors)
 .vectors       0x00000000       0x94 C:/Program Files (x86)/Atmel/Studio/7.0/Packs/atmel/ATmega_DFP/1.1.130/gcc/dev/at90can128/avr51/crtat90can128.o
                0x00000000                __vector_default
                0x00000000                __vectors
 *(.vectors)
 *(.progmem.gcc*)
 .progmem.gcc_sw_table.Set_ADC_Channel_ext
                0x00000094       0x10 UniversalModuleDrivers/adc.o
                0x000000a4                . = ALIGN (0x2)
                0x000000a4                __trampolines_start = .
 *(.trampolines)
 .trampolines   0x000000a4        0x0 linker stubs
 *(.trampolines*)
                0x000000a4                __trampolines_end = .
 *libprintf_flt.a:*(.progmem.data)
 *libc.a:*(.progmem.data)
 *(.progmem*)
                0x000000a4                . = ALIGN (0x2)
 *(.jumptables)
 *(.jumptables*)
 *(.lowtext)
 *(.lowtext*)
                0x000000a4                __ctors_start = .
 *(.ctors)
                0x000000a4                __ctors_end = .
                0x000000a4                __dtors_start = .
 *(.dtors)
                0x000000a4                __dtors_end = .
 SORT(*)(.ctors)
 SORT(*)(.dtors)
 *(.init0)
 .init0         0x000000a4        0x0 C:/Program Files (x86)/Atmel/Studio/7.0/Packs/atmel/ATmega_DFP/1.1.130/gcc/dev/at90can128/avr51/crtat90can128.o
                0x000000a4                __init
 *(.init0)
 *(.init1)
 *(.init1)
 *(.init2)
 .init2         0x000000a4        0xc C:/Program Files (x86)/Atmel/Studio/7.0/Packs/atmel/ATmega_DFP/1.1.130/gcc/dev/at90can128/avr51/crtat90can128.o
 *(.init2)
 *(.init3)
 *(.init3)
 *(.init4)
 .init4         0x000000b0       0x1a c:/program files (x86)/atmel/studio/7.0/toolchain/avr8/avr8-gnu-toolchain/bin/../lib/gcc/avr/5.4.0/avr51\libgcc.a(_copy_data.o)
                0x000000b0                __do_copy_data
 .init4         0x000000ca       0x10 c:/program files (x86)/atmel/studio/7.0/toolchain/avr8/avr8-gnu-toolchain/bin/../lib/gcc/avr/5.4.0/avr51\libgcc.a(_clear_bss.o)
                0x000000ca                __do_clear_bss
 *(.init4)
 *(.init5)
 *(.init5)
 *(.init6)
 *(.init6)
 *(.init7)
 *(.init7)
 *(.init8)
 *(.init8)
 *(.init9)
 .init9         0x000000da        0x8 C:/Program Files (x86)/Atmel/Studio/7.0/Packs/atmel/ATmega_DFP/1.1.130/gcc/dev/at90can128/avr51/crtat90can128.o
 *(.init9)
 *(.text)
 .text          0x000000e2        0x2 C:/Program Files (x86)/Atmel/Studio/7.0/Packs/atmel/ATmega_DFP/1.1.130/gcc/dev/at90can128/avr51/crtat90can128.o
                0x000000e2                __vector_28
                0x000000e2                __vector_1
                0x000000e2                __vector_34
                0x000000e2                __vector_24
                0x000000e2                __bad_interrupt
                0x000000e2                __vector_31
                0x000000e2                __vector_35
                0x000000e2                __vector_3
                0x000000e2                __vector_23
                0x000000e2                __vector_30
                0x000000e2                __vector_25
                0x000000e2                __vector_11
                0x000000e2                __vector_13
                0x000000e2                __vector_19
                0x000000e2                __vector_7
                0x000000e2                __vector_27
                0x000000e2                __vector_5
                0x000000e2                __vector_4
                0x000000e2                __vector_9
                0x000000e2                __vector_2
                0x000000e2                __vector_15
                0x000000e2                __vector_36
                0x000000e2                __vector_29
                0x000000e2                __vector_8
                0x000000e2                __vector_26
                0x000000e2                __vector_14
                0x000000e2                __vector_10
                0x000000e2                __vector_20
                0x000000e4                . = ALIGN (0x2)
 *(.text.*)
 .text.actuator_init
                0x000000e4       0x64 actuator.o
                0x000000e4                actuator_init
 .text.actuator_update
                0x00000148       0x5e actuator.o
                0x00000148                actuator_update
 .text.actuator_save_position
                0x000001a6       0x66 actuator.o
                0x000001a6                actuator_save_position
 .text.actuator_pwm
                0x0000020c       0x16 actuator.o
                0x0000020c                actuator_pwm
 .text.actuator_set_position
                0x00000222      0x126 actuator.o
                0x00000222                actuator_set_position
 .text.actuator_p_controller
                0x00000348       0xac actuator.o
                0x00000348                actuator_p_controller
 .text.reset_I  0x000003f4       0x12 controller.o
                0x000003f4                reset_I
 .text.set_I    0x00000406       0x36 controller.o
                0x00000406                set_I
 .text.controller
                0x0000043c      0x29a controller.o
                0x0000043c                controller
 .text.drivers_init
                0x000006d6        0x4 controller.o
                0x000006d6                drivers_init
 .text.drivers  0x000006da        0xc controller.o
                0x000006da                drivers
 .text.SPI_handler_0
                0x000006e6       0x7a DigiCom.o
                0x000006e6                SPI_handler_0
 .text.SPI_handler_1
                0x00000760       0x44 DigiCom.o
                0x00000760                SPI_handler_1
 .text.SPI_handler_4
                0x000007a4       0x42 DigiCom.o
                0x000007a4                SPI_handler_4
 .text.SPI_handler_6
                0x000007e6       0xa6 DigiCom.o
                0x000007e6                SPI_handler_6
 .text.SPI_handler_7
                0x0000088c       0x44 DigiCom.o
                0x0000088c                SPI_handler_7
 .text.handle_can
                0x000008d0       0xae DigiCom.o
                0x000008d0                handle_can
 .text.handle_motor_status_can_msg
                0x0000097e       0xde DigiCom.o
                0x0000097e                handle_motor_status_can_msg
 .text.handle_clutch_cmd_can_msg
                0x00000a5c       0x2c DigiCom.o
                0x00000a5c                handle_clutch_cmd_can_msg
 .text.receive_uart
                0x00000a88      0x302 DigiCom.o
                0x00000a88                receive_uart
 .text.send_uart
                0x00000d8a      0x1c6 DigiCom.o
                0x00000d8a                send_uart
 .text.manage_LEDs
                0x00000f50       0xb2 DigiCom.o
                0x00000f50                manage_LEDs
 .text.speed_init
                0x00001002       0x16 speed.o
                0x00001002                speed_init
 .text.handle_speed_sensor
                0x00001018       0x4c speed.o
                0x00001018                handle_speed_sensor
 .text.compute_synch_duty
                0x00001064       0xb8 speed.o
                0x00001064                compute_synch_duty
 .text.state_handler
                0x0000111c      0x23e state_machine.o
                0x0000111c                state_handler
 .text.pwm_init
                0x0000135a       0xce pwm.o
                0x0000135a                pwm_init
 .text.uart0_putc
                0x00001428       0x30 usart.o
                0x00001428                uart0_putc
 .text.uart0_flush
                0x00001458        0xe usart.o
                0x00001458                uart0_flush
 .text.uart1_putc
                0x00001466       0x30 usart.o
                0x00001466                uart1_putc
 .text.uart_putchar
                0x00001496       0x30 usart.o
                0x00001496                uart_putchar
 .text.uart0_getc
                0x000014c6       0x26 usart.o
                0x000014c6                uart0_getc
 .text.uart0_getln
                0x000014ec       0x46 usart.o
                0x000014ec                uart0_getln
 .text.uart0_getData
                0x00001532       0x2a usart.o
                0x00001532                uart0_getData
 .text.uart1_getData
                0x0000155c       0x2a usart.o
                0x0000155c                uart1_getData
 .text.uart_getchar
                0x00001586       0x34 usart.o
                0x00001586                uart_getchar
 .text.__vector_22
                0x000015ba       0x3c usart.o
                0x000015ba                __vector_22
 .text.__vector_21
                0x000015f6       0x36 usart.o
                0x000015f6                __vector_21
 .text.__vector_33
                0x0000162c       0x3c usart.o
                0x0000162c                __vector_33
 .text.__vector_32
                0x00001668       0x36 usart.o
                0x00001668                __vector_32
 .text.timer1_init_ts
                0x0000169e       0x30 main.o
                0x0000169e                timer1_init_ts
 .text.timer0_init_ts
                0x000016ce       0x1e main.o
                0x000016ce                timer0_init_ts
 .text.main     0x000016ec      0x132 main.o
                0x000016ec                main
 .text.__vector_16
                0x0000181e      0x17e main.o
                0x0000181e                __vector_16
 .text.__vector_12
                0x0000199c      0x122 main.o
                0x0000199c                __vector_12
 .text.__vector_6
                0x00001abe       0x56 main.o
                0x00001abe                __vector_6
 .text.DWC_init
                0x00001b14        0x2 sensors.o
                0x00001b14                DWC_init
 .text.handle_DWC
                0x00001b16        0xc sensors.o
                0x00001b16                handle_DWC
 .text.handle_current_sensor
                0x00001b22       0xe4 sensors.o
                0x00001b22                handle_current_sensor
 .text.handle_temp_sensor
                0x00001c06       0xd2 sensors.o
                0x00001c06                handle_temp_sensor
 .text.handle_joulemeter
                0x00001cd8       0xba sensors.o
                0x00001cd8                handle_joulemeter
 .text.Set_ADC_Channel_ext
                0x00001d92       0x6c UniversalModuleDrivers/adc.o
                0x00001d92                Set_ADC_Channel_ext
 .text.__vector_18
                0x00001dfe      0x1e2 UniversalModuleDrivers/can.o
                0x00001dfe                __vector_18
 .text.can_init
                0x00001fe0       0xaa UniversalModuleDrivers/can.o
                0x00001fe0                can_init
 .text.can_read_message_if_new
                0x0000208a       0x86 UniversalModuleDrivers/can.o
                0x0000208a                can_read_message_if_new
 .text.can_send_message
                0x00002110       0xfc UniversalModuleDrivers/can.o
                0x00002110                can_send_message
 .text.rgbled_turn_off
                0x0000220c        0x8 UniversalModuleDrivers/rgbled.o
                0x0000220c                rgbled_turn_off
 .text.rgbled_init
                0x00002214        0xc UniversalModuleDrivers/rgbled.o
                0x00002214                rgbled_init
 .text.rgbled_turn_on
                0x00002220        0xa UniversalModuleDrivers/rgbled.o
                0x00002220                rgbled_turn_on
 .text.rgbled_toggle
                0x0000222a        0x8 UniversalModuleDrivers/rgbled.o
                0x0000222a                rgbled_toggle
 .text.spi_init
                0x00002232       0x22 UniversalModuleDrivers/spi.o
                0x00002232                spi_init
 .text.spi_trancieve
                0x00002254       0x48 UniversalModuleDrivers/spi.o
                0x00002254                spi_trancieve
 .text.__vector_17
                0x0000229c       0x78 UniversalModuleDrivers/timer.o
                0x0000229c                __vector_17
 .text.avr-libc.fplib
                0x00002314        0xa c:/program files (x86)/atmel/studio/7.0/toolchain/avr8/avr8-gnu-toolchain/bin/../lib/gcc/avr/5.4.0/../../../../avr/lib/avr51\libm.a(addsf3.o)
                0x00002314                __subsf3
                0x00002316                __addsf3
 .text.avr-libc.fplib
                0x0000231e       0xc0 c:/program files (x86)/atmel/studio/7.0/toolchain/avr8/avr8-gnu-toolchain/bin/../lib/gcc/avr/5.4.0/../../../../avr/lib/avr51\libm.a(addsf3x.o)
                0x00002338                __addsf3x
 .text.avr-libc.fplib
                0x000023de        0x8 c:/program files (x86)/atmel/studio/7.0/toolchain/avr8/avr8-gnu-toolchain/bin/../lib/gcc/avr/5.4.0/../../../../avr/lib/avr51\libm.a(cmpsf2.o)
                0x000023de                __nesf2
                0x000023de                __eqsf2
                0x000023de                __cmpsf2
                0x000023de                __ltsf2
                0x000023de                __lesf2
 .text.avr-libc.fplib
                0x000023e6        0x4 c:/program files (x86)/atmel/studio/7.0/toolchain/avr8/avr8-gnu-toolchain/bin/../lib/gcc/avr/5.4.0/../../../../avr/lib/avr51\libm.a(divsf3.o)
                0x000023e6                __divsf3
 .text.avr-libc.fplib
                0x000023ea       0xcc c:/program files (x86)/atmel/studio/7.0/toolchain/avr8/avr8-gnu-toolchain/bin/../lib/gcc/avr/5.4.0/../../../../avr/lib/avr51\libm.a(divsf3x.o)
                0x00002400                __divsf3x
                0x00002404                __divsf3_pse
 .text.avr-libc.fplib
                0x000024b6        0xa c:/program files (x86)/atmel/studio/7.0/toolchain/avr8/avr8-gnu-toolchain/bin/../lib/gcc/avr/5.4.0/../../../../avr/lib/avr51\libm.a(fixsfsi.o)
                0x000024b6                __fixsfsi
 .text.avr-libc.fplib
                0x000024c0       0x58 c:/program files (x86)/atmel/studio/7.0/toolchain/avr8/avr8-gnu-toolchain/bin/../lib/gcc/avr/5.4.0/../../../../avr/lib/avr51\libm.a(fixunssfsi.o)
                0x000024c0                __fixunssfsi
 .text.avr-libc.fplib
                0x00002518       0x7a c:/program files (x86)/atmel/studio/7.0/toolchain/avr8/avr8-gnu-toolchain/bin/../lib/gcc/avr/5.4.0/../../../../avr/lib/avr51\libm.a(floatsisf.o)
                0x00002518                __floatunsisf
                0x0000251c                __floatsisf
 .text.avr-libc.fplib
                0x00002592       0x48 c:/program files (x86)/atmel/studio/7.0/toolchain/avr8/avr8-gnu-toolchain/bin/../lib/gcc/avr/5.4.0/../../../../avr/lib/avr51\libm.a(fp_cmp.o)
                0x00002592                __fp_cmp
 .text.avr-libc.fplib
                0x000025da        0xc c:/program files (x86)/atmel/studio/7.0/toolchain/avr8/avr8-gnu-toolchain/bin/../lib/gcc/avr/5.4.0/../../../../avr/lib/avr51\libm.a(fp_inf.o)
                0x000025da                __fp_inf
 .text.avr-libc.fplib
                0x000025e6        0x6 c:/program files (x86)/atmel/studio/7.0/toolchain/avr8/avr8-gnu-toolchain/bin/../lib/gcc/avr/5.4.0/../../../../avr/lib/avr51\libm.a(fp_nan.o)
                0x000025e6                __fp_nan
 .text.avr-libc.fplib
                0x000025ec        0xe c:/program files (x86)/atmel/studio/7.0/toolchain/avr8/avr8-gnu-toolchain/bin/../lib/gcc/avr/5.4.0/../../../../avr/lib/avr51\libm.a(fp_pscA.o)
                0x000025ec                __fp_pscA
 .text.avr-libc.fplib
                0x000025fa        0xe c:/program files (x86)/atmel/studio/7.0/toolchain/avr8/avr8-gnu-toolchain/bin/../lib/gcc/avr/5.4.0/../../../../avr/lib/avr51\libm.a(fp_pscB.o)
                0x000025fa                __fp_pscB
 .text.avr-libc.fplib
                0x00002608       0x22 c:/program files (x86)/atmel/studio/7.0/toolchain/avr8/avr8-gnu-toolchain/bin/../lib/gcc/avr/5.4.0/../../../../avr/lib/avr51\libm.a(fp_round.o)
                0x00002608                __fp_round
 .text.avr-libc.fplib
                0x0000262a       0x44 c:/program files (x86)/atmel/studio/7.0/toolchain/avr8/avr8-gnu-toolchain/bin/../lib/gcc/avr/5.4.0/../../../../avr/lib/avr51\libm.a(fp_split3.o)
                0x0000262a                __fp_split3
                0x0000263a                __fp_splitA
 .text.avr-libc.fplib
                0x0000266e        0xe c:/program files (x86)/atmel/studio/7.0/toolchain/avr8/avr8-gnu-toolchain/bin/../lib/gcc/avr/5.4.0/../../../../avr/lib/avr51\libm.a(fp_zero.o)
                0x0000266e                __fp_zero
                0x00002670                __fp_szero
 .text.avr-libc.fplib
                0x0000267c        0x8 c:/program files (x86)/atmel/studio/7.0/toolchain/avr8/avr8-gnu-toolchain/bin/../lib/gcc/avr/5.4.0/../../../../avr/lib/avr51\libm.a(gesf2.o)
                0x0000267c                __gesf2
                0x0000267c                __gtsf2
 .text.avr-libc.fplib
                0x00002684        0x4 c:/program files (x86)/atmel/studio/7.0/toolchain/avr8/avr8-gnu-toolchain/bin/../lib/gcc/avr/5.4.0/../../../../avr/lib/avr51\libm.a(mulsf3.o)
                0x00002684                __mulsf3
 .text.avr-libc.fplib
                0x00002688       0xc2 c:/program files (x86)/atmel/studio/7.0/toolchain/avr8/avr8-gnu-toolchain/bin/../lib/gcc/avr/5.4.0/../../../../avr/lib/avr51\libm.a(mulsf3x.o)
                0x0000269c                __mulsf3x
                0x000026a0                __mulsf3_pse
 .text.libgcc   0x0000274a       0x12 c:/program files (x86)/atmel/studio/7.0/toolchain/avr8/avr8-gnu-toolchain/bin/../lib/gcc/avr/5.4.0/avr51\libgcc.a(_tablejump2.o)
                0x0000274a                __tablejump2__
 .text.avr-libc
                0x0000275c       0x3a c:/program files (x86)/atmel/studio/7.0/toolchain/avr8/avr8-gnu-toolchain/bin/../lib/gcc/avr/5.4.0/../../../../avr/lib/avr51\libc.a(atoi.o)
                0x0000275c                atoi
 .text.avr-libc
                0x00002796       0x12 c:/program files (x86)/atmel/studio/7.0/toolchain/avr8/avr8-gnu-toolchain/bin/../lib/gcc/avr/5.4.0/../../../../avr/lib/avr51\libc.a(strcmp.o)
                0x00002796                strcmp
 .text.avr-libc
                0x000027a8       0x10 c:/program files (x86)/atmel/studio/7.0/toolchain/avr8/avr8-gnu-toolchain/bin/../lib/gcc/avr/5.4.0/../../../../avr/lib/avr51\libc.a(mul10.o)
                0x000027a8                __mulhi_const_10
 .text.avr-libc
                0x000027b8       0x26 c:/program files (x86)/atmel/studio/7.0/toolchain/avr8/avr8-gnu-toolchain/bin/../lib/gcc/avr/5.4.0/../../../../avr/lib/avr51\libc.a(printf.o)
                0x000027b8                printf
 .text.avr-libc
                0x000027de        0xa c:/program files (x86)/atmel/studio/7.0/toolchain/avr8/avr8-gnu-toolchain/bin/../lib/gcc/avr/5.4.0/../../../../avr/lib/avr51\libc.a(putchar.o)
                0x000027de                putchar
 .text.avr-libc
                0x000027e8       0x60 c:/program files (x86)/atmel/studio/7.0/toolchain/avr8/avr8-gnu-toolchain/bin/../lib/gcc/avr/5.4.0/../../../../avr/lib/avr51\libc.a(puts.o)
                0x000027e8                puts
 .text.avr-libc
                0x00002848      0x3fa c:/program files (x86)/atmel/studio/7.0/toolchain/avr8/avr8-gnu-toolchain/bin/../lib/gcc/avr/5.4.0/../../../../avr/lib/avr51\libc.a(vfprintf_std.o)
                0x00002848                vfprintf
 .text.avr-libc
                0x00002c42       0x16 c:/program files (x86)/atmel/studio/7.0/toolchain/avr8/avr8-gnu-toolchain/bin/../lib/gcc/avr/5.4.0/../../../../avr/lib/avr51\libc.a(strnlen_P.o)
                0x00002c42                strnlen_P
 .text.avr-libc
                0x00002c58       0x16 c:/program files (x86)/atmel/studio/7.0/toolchain/avr8/avr8-gnu-toolchain/bin/../lib/gcc/avr/5.4.0/../../../../avr/lib/avr51\libc.a(strnlen.o)
                0x00002c58                strnlen
 .text.avr-libc
                0x00002c6e       0x78 c:/program files (x86)/atmel/studio/7.0/toolchain/avr8/avr8-gnu-toolchain/bin/../lib/gcc/avr/5.4.0/../../../../avr/lib/avr51\libc.a(fputc.o)
                0x00002c6e                fputc
 .text.avr-libc
                0x00002ce6       0xbc c:/program files (x86)/atmel/studio/7.0/toolchain/avr8/avr8-gnu-toolchain/bin/../lib/gcc/avr/5.4.0/../../../../avr/lib/avr51\libc.a(ultoa_invert.o)
                0x00002ce6                __ultoa_invert
 .text.avr-libc
                0x00002da2        0xa C:/Program Files (x86)/Atmel/Studio/7.0/Packs/atmel/ATmega_DFP/1.1.130/gcc/dev/at90can128/avr51\libat90can128.a(eerd_word.o)
                0x00002da2                eeprom_read_word
 .text.avr-libc
                0x00002dac        0x6 C:/Program Files (x86)/Atmel/Studio/7.0/Packs/atmel/ATmega_DFP/1.1.130/gcc/dev/at90can128/avr51\libat90can128.a(eewr_word.o)
                0x00002dac                eeprom_write_word
 .text.avr-libc
                0x00002db2       0x20 C:/Program Files (x86)/Atmel/Studio/7.0/Packs/atmel/ATmega_DFP/1.1.130/gcc/dev/at90can128/avr51\libat90can128.a(eerd_block.o)
                0x00002db2                eeprom_read_block
                0x00002db6                eeprom_read_blraw
 .text.avr-libc
                0x00002dd2       0x1a C:/Program Files (x86)/Atmel/Studio/7.0/Packs/atmel/ATmega_DFP/1.1.130/gcc/dev/at90can128/avr51\libat90can128.a(eewr_byte.o)
                0x00002dd2                eeprom_write_byte
                0x00002dd4                eeprom_write_r18
                0x00002dec                . = ALIGN (0x2)
 *(.fini9)
 .fini9         0x00002dec        0x0 c:/program files (x86)/atmel/studio/7.0/toolchain/avr8/avr8-gnu-toolchain/bin/../lib/gcc/avr/5.4.0/avr51\libgcc.a(_exit.o)
                0x00002dec                _exit
                0x00002dec                exit
 *(.fini9)
 *(.fini8)
 *(.fini8)
 *(.fini7)
 *(.fini7)
 *(.fini6)
 *(.fini6)
 *(.fini5)
 *(.fini5)
 *(.fini4)
 *(.fini4)
 *(.fini3)
 *(.fini3)
 *(.fini2)
 *(.fini2)
 *(.fini1)
 *(.fini1)
 *(.fini0)
 .fini0         0x00002dec        0x4 c:/program files (x86)/atmel/studio/7.0/toolchain/avr8/avr8-gnu-toolchain/bin/../lib/gcc/avr/5.4.0/avr51\libgcc.a(_exit.o)
 *(.fini0)
                0x00002df0                _etext = .

.data           0x00800100       0xe0 load address 0x00002df0
                0x00800100                PROVIDE (__data_start, .)
 *(.data)
 *(.data*)
 .data.f32_DutyCycleCmd.2176
                0x00800100        0x4 controller.o
 .data.uart0_io
                0x00800104        0xe usart.o
                0x00800104                uart0_io
 .data.ComValues
                0x00800112       0x3d main.o
                0x00800112                ComValues
 *(.gnu.linkonce.d*)
 *(.rodata)
 *(.rodata*)
 .rodata.str1.1
                0x0080014f       0x91 DigiCom.o
                                 0x93 (size before relaxing)
 *(.gnu.linkonce.r*)
                0x008001e0                . = ALIGN (0x2)
                0x008001e0                _edata = .
                0x008001e0                PROVIDE (__data_end, .)

.bss            0x008001e0      0x271
                0x008001e0                PROVIDE (__bss_start, .)
 *(.bss)
 *(.bss*)
 .bss.ActuatorComValues
                0x008001e0       0x12 actuator.o
                0x008001e0                ActuatorComValues
 .bss.b_saturation.2178
                0x008001f2        0x1 controller.o
 .bss.f32_Integrator
                0x008001f3        0x4 controller.o
 .bss.u8_rxBuffer
                0x008001f7        0x3 DigiCom.o
 .bss.u8_txBuffer
                0x008001fa        0x2 DigiCom.o
 .bss.starting_engage
                0x008001fc        0x1 state_machine.o
 .bss.fault_timeout
                0x008001fd        0x2 state_machine.o
 .bss.b_major_fault
                0x008001ff        0x1 state_machine.o
 .bss.u16_speed_count
                0x00800200        0x2 main.o
                0x00800200                u16_speed_count
 .bss.u8_SPI_count
                0x00800202        0x1 main.o
                0x00800202                u8_SPI_count
 .bss.b_send_uart
                0x00800203        0x1 main.o
                0x00800203                b_send_uart
 .bss.b_select_can_msg
                0x00800204        0x1 main.o
                0x00800204                b_select_can_msg
 .bss.b_send_can
                0x00800205        0x1 main.o
                0x00800205                b_send_can
 .bss.systic_counter_slow
                0x00800206        0x2 main.o
                0x00800206                systic_counter_slow
 .bss.systic_counter_fast
                0x00800208        0x1 main.o
                0x00800208                systic_counter_fast
 .bss.reset     0x00800209        0x1 UniversalModuleDrivers/can.o
 .bss.rx_on     0x0080020a        0x1 UniversalModuleDrivers/can.o
 .bss.rx_off    0x0080020b        0x1 UniversalModuleDrivers/can.o
 .bss.tx_busy   0x0080020c        0x1 UniversalModuleDrivers/can.o
 .bss.tx_on     0x0080020d        0x1 UniversalModuleDrivers/can.o
 .bss.tx_off    0x0080020e        0x1 UniversalModuleDrivers/can.o
 .bss.rx_frames
                0x0080020f       0xb0 UniversalModuleDrivers/can.o
 .bss.tx_frames
                0x008002bf       0xb0 UniversalModuleDrivers/can.o
 .bss.elapsed_microseconds
                0x0080036f       0x20 UniversalModuleDrivers/timer.o
 .bss.timer_enabled
                0x0080038f        0x8 UniversalModuleDrivers/timer.o
 *(COMMON)
 COMMON         0x00800397       0x2c DigiCom.o
                0x00800397                rxFrame
                0x008003a2                rxFrame1
                0x008003ad                txFrame1
                0x008003b8                txFrame
 COMMON         0x008003c3       0x88 usart.o
                0x008003c3                rx0_buffer
                0x008003e3                rx1_Tail
                0x008003e4                tx0_Tail
                0x008003e5                rx0_Tail
                0x008003e6                tx1_buffer
                0x00800406                tx0_Head
                0x00800407                rx1_buffer
                0x00800427                rx0_Head
                0x00800428                tx1_Tail
                0x00800429                rx1_Head
                0x0080042a                tx1_Head
                0x0080042b                tx0_buffer
 COMMON         0x0080044b        0x6 c:/program files (x86)/atmel/studio/7.0/toolchain/avr8/avr8-gnu-toolchain/bin/../lib/gcc/avr/5.4.0/../../../../avr/lib/avr51\libc.a(iob.o)
                0x0080044b                __iob
                0x00800451                PROVIDE (__bss_end, .)
                0x00002df0                __data_load_start = LOADADDR (.data)
                0x00002ed0                __data_load_end = (__data_load_start + SIZEOF (.data))

.noinit         0x00800451        0x0
                [!provide]                PROVIDE (__noinit_start, .)
 *(.noinit*)
                [!provide]                PROVIDE (__noinit_end, .)
                0x00800451                _end = .
                0x00800451                PROVIDE (__heap_start, .)

.eeprom         0x00810000        0x0
 *(.eeprom*)
                0x00810000                __eeprom_end = .

.fuse
 *(.fuse)
 *(.lfuse)
 *(.hfuse)
 *(.efuse)

.lock
 *(.lock*)

.signature
 *(.signature*)

.user_signatures
 *(.user_signatures*)

.stab
 *(.stab)

.stabstr
 *(.stabstr)

.stab.excl
 *(.stab.excl)

.stab.exclstr
 *(.stab.exclstr)

.stab.index
 *(.stab.index)

.stab.indexstr
 *(.stab.indexstr)

.comment        0x00000000       0x8c
 *(.comment)
 .comment       0x00000000       0x30 actuator.o
                                 0x31 (size before relaxing)
 .comment       0x00000030       0x31 controller.o
 .comment       0x00000030       0x31 DigiCom.o
 .comment       0x00000030       0x31 speed.o
 .comment       0x00000030       0x31 state_machine.o
 .comment       0x00000030       0x31 pwm.o
 .comment       0x00000030       0x30 usart.o
                                 0x31 (size before relaxing)
 .comment       0x00000060       0x31 main.o
 .comment       0x00000060       0x31 sensors.o
 .comment       0x00000060       0x31 UniversalModuleDrivers/adc.o
 .comment       0x00000060       0x31 UniversalModuleDrivers/can.o
 .comment       0x00000060       0x31 UniversalModuleDrivers/rgbled.o
 .comment       0x00000060       0x31 UniversalModuleDrivers/spi.o
 .comment       0x00000060       0x31 UniversalModuleDrivers/timer.o
 .comment       0x00000060       0x31 c:/program files (x86)/atmel/studio/7.0/toolchain/avr8/avr8-gnu-toolchain/bin/../lib/gcc/avr/5.4.0/../../../../avr/lib/avr51\libc.a(iob.o)
 .comment       0x00000060       0x31 c:/program files (x86)/atmel/studio/7.0/toolchain/avr8/avr8-gnu-toolchain/bin/../lib/gcc/avr/5.4.0/../../../../avr/lib/avr51\libc.a(printf.o)
 .comment       0x00000060       0x31 c:/program files (x86)/atmel/studio/7.0/toolchain/avr8/avr8-gnu-toolchain/bin/../lib/gcc/avr/5.4.0/../../../../avr/lib/avr51\libc.a(putchar.o)
 .comment       0x00000060       0x31 c:/program files (x86)/atmel/studio/7.0/toolchain/avr8/avr8-gnu-toolchain/bin/../lib/gcc/avr/5.4.0/../../../../avr/lib/avr51\libc.a(puts.o)
 .comment       0x00000060       0x2c c:/program files (x86)/atmel/studio/7.0/toolchain/avr8/avr8-gnu-toolchain/bin/../lib/gcc/avr/5.4.0/../../../../avr/lib/avr51\libc.a(vfprintf_std.o)
                                 0x2d (size before relaxing)
 .comment       0x0000008c       0x31 c:/program files (x86)/atmel/studio/7.0/toolchain/avr8/avr8-gnu-toolchain/bin/../lib/gcc/avr/5.4.0/../../../../avr/lib/avr51\libc.a(fputc.o)

.note.gnu.avr.deviceinfo
                0x00000000       0x40
 .note.gnu.avr.deviceinfo
                0x00000000       0x40 C:/Program Files (x86)/Atmel/Studio/7.0/Packs/atmel/ATmega_DFP/1.1.130/gcc/dev/at90can128/avr51/crtat90can128.o

.note.gnu.build-id
 *(.note.gnu.build-id)

.debug
 *(.debug)

.line
 *(.line)

.debug_srcinfo
 *(.debug_srcinfo)

.debug_sfnames
 *(.debug_sfnames)

.debug_aranges  0x00000000      0x5b0
 *(.debug_aranges)
 .debug_aranges
                0x00000000       0x50 actuator.o
 .debug_aranges
                0x00000050       0x40 controller.o
 .debug_aranges
                0x00000090       0x70 DigiCom.o
 .debug_aranges
                0x00000100       0x30 speed.o
 .debug_aranges
                0x00000130       0x20 state_machine.o
 .debug_aranges
                0x00000150       0x20 pwm.o
 .debug_aranges
                0x00000170      0x208 usart.o
 .debug_aranges
                0x00000378       0x48 main.o
 .debug_aranges
                0x000003c0       0x48 sensors.o
 .debug_aranges
                0x00000408       0x48 UniversalModuleDrivers/adc.o
 .debug_aranges
                0x00000450       0x38 UniversalModuleDrivers/can.o
 .debug_aranges
                0x00000488       0x38 UniversalModuleDrivers/rgbled.o
 .debug_aranges
                0x000004c0       0x30 UniversalModuleDrivers/spi.o
 .debug_aranges
                0x000004f0       0x40 UniversalModuleDrivers/timer.o
 .debug_aranges
                0x00000530       0x20 C:/Program Files (x86)/Atmel/Studio/7.0/Packs/atmel/ATmega_DFP/1.1.130/gcc/dev/at90can128/avr51\libat90can128.a(eerd_word.o)
 .debug_aranges
                0x00000550       0x20 C:/Program Files (x86)/Atmel/Studio/7.0/Packs/atmel/ATmega_DFP/1.1.130/gcc/dev/at90can128/avr51\libat90can128.a(eewr_word.o)
 .debug_aranges
                0x00000570       0x20 C:/Program Files (x86)/Atmel/Studio/7.0/Packs/atmel/ATmega_DFP/1.1.130/gcc/dev/at90can128/avr51\libat90can128.a(eerd_block.o)
 .debug_aranges
                0x00000590       0x20 C:/Program Files (x86)/Atmel/Studio/7.0/Packs/atmel/ATmega_DFP/1.1.130/gcc/dev/at90can128/avr51\libat90can128.a(eewr_byte.o)

.debug_pubnames
 *(.debug_pubnames)

.debug_info     0x00000000     0x716f
 *(.debug_info .gnu.linkonce.wi.*)
 .debug_info    0x00000000      0xa2d C:/Program Files (x86)/Atmel/Studio/7.0/Packs/atmel/ATmega_DFP/1.1.130/gcc/dev/at90can128/avr51/crtat90can128.o
 .debug_info    0x00000a2d      0x73d actuator.o
 .debug_info    0x0000116a      0x4c1 controller.o
 .debug_info    0x0000162b     0x124e DigiCom.o
 .debug_info    0x00002879      0x1a9 speed.o
 .debug_info    0x00002a22      0x579 state_machine.o
 .debug_info    0x00002f9b       0xa7 pwm.o
 .debug_info    0x00003042     0x2004 usart.o
 .debug_info    0x00005046      0xc5e main.o
 .debug_info    0x00005ca4      0x507 sensors.o
 .debug_info    0x000061ab      0x22b UniversalModuleDrivers/adc.o
 .debug_info    0x000063d6      0x5b0 UniversalModuleDrivers/can.o
 .debug_info    0x00006986      0x141 UniversalModuleDrivers/rgbled.o
 .debug_info    0x00006ac7      0x213 UniversalModuleDrivers/spi.o
 .debug_info    0x00006cda      0x1e0 UniversalModuleDrivers/timer.o
 .debug_info    0x00006eba       0xad C:/Program Files (x86)/Atmel/Studio/7.0/Packs/atmel/ATmega_DFP/1.1.130/gcc/dev/at90can128/avr51\libat90can128.a(eerd_word.o)
 .debug_info    0x00006f67       0xad C:/Program Files (x86)/Atmel/Studio/7.0/Packs/atmel/ATmega_DFP/1.1.130/gcc/dev/at90can128/avr51\libat90can128.a(eewr_word.o)
 .debug_info    0x00007014       0xae C:/Program Files (x86)/Atmel/Studio/7.0/Packs/atmel/ATmega_DFP/1.1.130/gcc/dev/at90can128/avr51\libat90can128.a(eerd_block.o)
 .debug_info    0x000070c2       0xad C:/Program Files (x86)/Atmel/Studio/7.0/Packs/atmel/ATmega_DFP/1.1.130/gcc/dev/at90can128/avr51\libat90can128.a(eewr_byte.o)

.debug_abbrev   0x00000000     0x1dec
 *(.debug_abbrev)
 .debug_abbrev  0x00000000      0x9a0 C:/Program Files (x86)/Atmel/Studio/7.0/Packs/atmel/ATmega_DFP/1.1.130/gcc/dev/at90can128/avr51/crtat90can128.o
 .debug_abbrev  0x000009a0      0x1a3 actuator.o
 .debug_abbrev  0x00000b43      0x167 controller.o
 .debug_abbrev  0x00000caa      0x25e DigiCom.o
 .debug_abbrev  0x00000f08      0x102 speed.o
 .debug_abbrev  0x0000100a      0x11b state_machine.o
 .debug_abbrev  0x00001125       0x69 pwm.o
 .debug_abbrev  0x0000118e      0x31a usart.o
 .debug_abbrev  0x000014a8      0x23f main.o
 .debug_abbrev  0x000016e7      0x131 sensors.o
 .debug_abbrev  0x00001818       0xc6 UniversalModuleDrivers/adc.o
 .debug_abbrev  0x000018de      0x1ea UniversalModuleDrivers/can.o
 .debug_abbrev  0x00001ac8       0xc1 UniversalModuleDrivers/rgbled.o
 .debug_abbrev  0x00001b89      0x105 UniversalModuleDrivers/spi.o
 .debug_abbrev  0x00001c8e      0x10e UniversalModuleDrivers/timer.o
 .debug_abbrev  0x00001d9c       0x14 C:/Program Files (x86)/Atmel/Studio/7.0/Packs/atmel/ATmega_DFP/1.1.130/gcc/dev/at90can128/avr51\libat90can128.a(eerd_word.o)
 .debug_abbrev  0x00001db0       0x14 C:/Program Files (x86)/Atmel/Studio/7.0/Packs/atmel/ATmega_DFP/1.1.130/gcc/dev/at90can128/avr51\libat90can128.a(eewr_word.o)
 .debug_abbrev  0x00001dc4       0x14 C:/Program Files (x86)/Atmel/Studio/7.0/Packs/atmel/ATmega_DFP/1.1.130/gcc/dev/at90can128/avr51\libat90can128.a(eerd_block.o)
 .debug_abbrev  0x00001dd8       0x14 C:/Program Files (x86)/Atmel/Studio/7.0/Packs/atmel/ATmega_DFP/1.1.130/gcc/dev/at90can128/avr51\libat90can128.a(eewr_byte.o)

.debug_line     0x00000000     0x3386
 *(.debug_line .debug_line.* .debug_line_end)
 .debug_line    0x00000000      0x175 C:/Program Files (x86)/Atmel/Studio/7.0/Packs/atmel/ATmega_DFP/1.1.130/gcc/dev/at90can128/avr51/crtat90can128.o
 .debug_line    0x00000175      0x351 actuator.o
 .debug_line    0x000004c6      0x1d5 controller.o
 .debug_line    0x0000069b      0x6e2 DigiCom.o
 .debug_line    0x00000d7d      0x13c speed.o
 .debug_line    0x00000eb9      0x380 state_machine.o
 .debug_line    0x00001239      0x12a pwm.o
 .debug_line    0x00001363      0xe2d usart.o
 .debug_line    0x00002190      0x3ed main.o
 .debug_line    0x0000257d      0x193 sensors.o
 .debug_line    0x00002710      0x21c UniversalModuleDrivers/adc.o
 .debug_line    0x0000292c      0x3d1 UniversalModuleDrivers/can.o
 .debug_line    0x00002cfd      0x10c UniversalModuleDrivers/rgbled.o
 .debug_line    0x00002e09      0x230 UniversalModuleDrivers/spi.o
 .debug_line    0x00003039      0x148 UniversalModuleDrivers/timer.o
 .debug_line    0x00003181       0x67 C:/Program Files (x86)/Atmel/Studio/7.0/Packs/atmel/ATmega_DFP/1.1.130/gcc/dev/at90can128/avr51\libat90can128.a(eerd_word.o)
 .debug_line    0x000031e8       0x5b C:/Program Files (x86)/Atmel/Studio/7.0/Packs/atmel/ATmega_DFP/1.1.130/gcc/dev/at90can128/avr51\libat90can128.a(eewr_word.o)
 .debug_line    0x00003243       0xab C:/Program Files (x86)/Atmel/Studio/7.0/Packs/atmel/ATmega_DFP/1.1.130/gcc/dev/at90can128/avr51\libat90can128.a(eerd_block.o)
 .debug_line    0x000032ee       0x98 C:/Program Files (x86)/Atmel/Studio/7.0/Packs/atmel/ATmega_DFP/1.1.130/gcc/dev/at90can128/avr51\libat90can128.a(eewr_byte.o)

.debug_frame    0x00000000     0x109c
 *(.debug_frame)
 .debug_frame   0x00000000      0x150 actuator.o
 .debug_frame   0x00000150       0xa0 controller.o
 .debug_frame   0x000001f0      0x1b8 DigiCom.o
 .debug_frame   0x000003a8       0x7c speed.o
 .debug_frame   0x00000424       0x30 state_machine.o
 .debug_frame   0x00000454       0x30 pwm.o
 .debug_frame   0x00000484      0x6d0 usart.o
 .debug_frame   0x00000b54      0x174 main.o
 .debug_frame   0x00000cc8      0x148 sensors.o
 .debug_frame   0x00000e10       0x74 UniversalModuleDrivers/adc.o
 .debug_frame   0x00000e84       0xcc UniversalModuleDrivers/can.o
 .debug_frame   0x00000f50       0x54 UniversalModuleDrivers/rgbled.o
 .debug_frame   0x00000fa4       0x50 UniversalModuleDrivers/spi.o
 .debug_frame   0x00000ff4       0xa8 UniversalModuleDrivers/timer.o

.debug_str      0x00000000     0x1a07
 *(.debug_str)
 .debug_str     0x00000000      0x39f C:/Program Files (x86)/Atmel/Studio/7.0/Packs/atmel/ATmega_DFP/1.1.130/gcc/dev/at90can128/avr51/crtat90can128.o
 .debug_str     0x0000039f      0x51d actuator.o
                                0x5c3 (size before relaxing)
 .debug_str     0x000008bc       0xaf controller.o
                                0x543 (size before relaxing)
 .debug_str     0x0000096b      0x347 DigiCom.o
                                0x82c (size before relaxing)
 .debug_str     0x00000cb2       0x90 speed.o
                                0x26e (size before relaxing)
 .debug_str     0x00000d42       0x96 state_machine.o
                                0x551 (size before relaxing)
 .debug_str     0x00000dd8       0x29 pwm.o
                                0x1db (size before relaxing)
 .debug_str     0x00000e01      0x55a usart.o
                                0x73f (size before relaxing)
 .debug_str     0x0000135b      0x143 main.o
                                0x7ee (size before relaxing)
 .debug_str     0x0000149e       0xa9 sensors.o
                                0x5a6 (size before relaxing)
 .debug_str     0x00001547      0x227 UniversalModuleDrivers/adc.o
                                0x36e (size before relaxing)
 .debug_str     0x0000176e       0xe1 UniversalModuleDrivers/can.o
                                0x333 (size before relaxing)
 .debug_str     0x0000184f       0x37 UniversalModuleDrivers/rgbled.o
                                0x21d (size before relaxing)
 .debug_str     0x00001886       0xb7 UniversalModuleDrivers/spi.o
                                0x294 (size before relaxing)
 .debug_str     0x0000193d       0xca UniversalModuleDrivers/timer.o
                                0x275 (size before relaxing)

.debug_loc      0x00000000     0x46d5
 *(.debug_loc)
 .debug_loc     0x00000000      0x72b actuator.o
 .debug_loc     0x0000072b      0x1ad controller.o
 .debug_loc     0x000008d8      0x526 DigiCom.o
 .debug_loc     0x00000dfe      0x2a6 speed.o
 .debug_loc     0x000010a4       0x65 state_machine.o
 .debug_loc     0x00001109       0x2f pwm.o
 .debug_loc     0x00001138     0x2443 usart.o
 .debug_loc     0x0000357b      0x31a main.o
 .debug_loc     0x00003895      0x48d sensors.o
 .debug_loc     0x00003d22      0x14f UniversalModuleDrivers/adc.o
 .debug_loc     0x00003e71      0x4a7 UniversalModuleDrivers/can.o
 .debug_loc     0x00004318       0x63 UniversalModuleDrivers/rgbled.o
 .debug_loc     0x0000437b      0x22d UniversalModuleDrivers/spi.o
 .debug_loc     0x000045a8      0x12d UniversalModuleDrivers/timer.o

.debug_macinfo
 *(.debug_macinfo)

.debug_weaknames
 *(.debug_weaknames)

.debug_funcnames
 *(.debug_funcnames)

.debug_typenames
 *(.debug_typenames)

.debug_varnames
 *(.debug_varnames)

.debug_pubtypes
 *(.debug_pubtypes)

.debug_ranges   0x00000000      0x450
 *(.debug_ranges)
 .debug_ranges  0x00000000       0x40 actuator.o
 .debug_ranges  0x00000040       0x30 controller.o
 .debug_ranges  0x00000070       0x60 DigiCom.o
 .debug_ranges  0x000000d0       0x20 speed.o
 .debug_ranges  0x000000f0       0x10 state_machine.o
 .debug_ranges  0x00000100       0x10 pwm.o
 .debug_ranges  0x00000110      0x1f8 usart.o
 .debug_ranges  0x00000308       0x38 main.o
 .debug_ranges  0x00000340       0x38 sensors.o
 .debug_ranges  0x00000378       0x38 UniversalModuleDrivers/adc.o
 .debug_ranges  0x000003b0       0x28 UniversalModuleDrivers/can.o
 .debug_ranges  0x000003d8       0x28 UniversalModuleDrivers/rgbled.o
 .debug_ranges  0x00000400       0x20 UniversalModuleDrivers/spi.o
 .debug_ranges  0x00000420       0x30 UniversalModuleDrivers/timer.o

.debug_macro
 *(.debug_macro)
OUTPUT(MotorController_2018.elf elf32-avr)
LOAD linker stubs
