Archive member included to satisfy reference by file (symbol)

c:/program files (x86)/atmel/studio/7.0/toolchain/avr8/avr8-gnu-toolchain/bin/../lib/gcc/avr/5.4.0/../../../../avr/lib/avr51\libm.a(addsf3.o)
                              controller.o (__subsf3)
c:/program files (x86)/atmel/studio/7.0/toolchain/avr8/avr8-gnu-toolchain/bin/../lib/gcc/avr/5.4.0/../../../../avr/lib/avr51\libm.a(addsf3x.o)
                              c:/program files (x86)/atmel/studio/7.0/toolchain/avr8/avr8-gnu-toolchain/bin/../lib/gcc/avr/5.4.0/../../../../avr/lib/avr51\libm.a(addsf3.o) (__addsf3x)
c:/program files (x86)/atmel/studio/7.0/toolchain/avr8/avr8-gnu-toolchain/bin/../lib/gcc/avr/5.4.0/../../../../avr/lib/avr51\libm.a(cmpsf2.o)
                              actuator.o (__ltsf2)
c:/program files (x86)/atmel/studio/7.0/toolchain/avr8/avr8-gnu-toolchain/bin/../lib/gcc/avr/5.4.0/../../../../avr/lib/avr51\libm.a(divsf3.o)
                              controller.o (__divsf3)
c:/program files (x86)/atmel/studio/7.0/toolchain/avr8/avr8-gnu-toolchain/bin/../lib/gcc/avr/5.4.0/../../../../avr/lib/avr51\libm.a(divsf3x.o)
                              c:/program files (x86)/atmel/studio/7.0/toolchain/avr8/avr8-gnu-toolchain/bin/../lib/gcc/avr/5.4.0/../../../../avr/lib/avr51\libm.a(divsf3.o) (__divsf3x)
c:/program files (x86)/atmel/studio/7.0/toolchain/avr8/avr8-gnu-toolchain/bin/../lib/gcc/avr/5.4.0/../../../../avr/lib/avr51\libm.a(fixsfsi.o)
                              actuator.o (__fixsfsi)
c:/program files (x86)/atmel/studio/7.0/toolchain/avr8/avr8-gnu-toolchain/bin/../lib/gcc/avr/5.4.0/../../../../avr/lib/avr51\libm.a(fixunssfsi.o)
                              actuator.o (__fixunssfsi)
c:/program files (x86)/atmel/studio/7.0/toolchain/avr8/avr8-gnu-toolchain/bin/../lib/gcc/avr/5.4.0/../../../../avr/lib/avr51\libm.a(floatsisf.o)
                              actuator.o (__floatunsisf)
c:/program files (x86)/atmel/studio/7.0/toolchain/avr8/avr8-gnu-toolchain/bin/../lib/gcc/avr/5.4.0/../../../../avr/lib/avr51\libm.a(fp_cmp.o)
                              c:/program files (x86)/atmel/studio/7.0/toolchain/avr8/avr8-gnu-toolchain/bin/../lib/gcc/avr/5.4.0/../../../../avr/lib/avr51\libm.a(cmpsf2.o) (__fp_cmp)
c:/program files (x86)/atmel/studio/7.0/toolchain/avr8/avr8-gnu-toolchain/bin/../lib/gcc/avr/5.4.0/../../../../avr/lib/avr51\libm.a(fp_inf.o)
                              c:/program files (x86)/atmel/studio/7.0/toolchain/avr8/avr8-gnu-toolchain/bin/../lib/gcc/avr/5.4.0/../../../../avr/lib/avr51\libm.a(addsf3x.o) (__fp_inf)
c:/program files (x86)/atmel/studio/7.0/toolchain/avr8/avr8-gnu-toolchain/bin/../lib/gcc/avr/5.4.0/../../../../avr/lib/avr51\libm.a(fp_nan.o)
                              c:/program files (x86)/atmel/studio/7.0/toolchain/avr8/avr8-gnu-toolchain/bin/../lib/gcc/avr/5.4.0/../../../../avr/lib/avr51\libm.a(addsf3x.o) (__fp_nan)
c:/program files (x86)/atmel/studio/7.0/toolchain/avr8/avr8-gnu-toolchain/bin/../lib/gcc/avr/5.4.0/../../../../avr/lib/avr51\libm.a(fp_pscA.o)
                              c:/program files (x86)/atmel/studio/7.0/toolchain/avr8/avr8-gnu-toolchain/bin/../lib/gcc/avr/5.4.0/../../../../avr/lib/avr51\libm.a(addsf3x.o) (__fp_pscA)
c:/program files (x86)/atmel/studio/7.0/toolchain/avr8/avr8-gnu-toolchain/bin/../lib/gcc/avr/5.4.0/../../../../avr/lib/avr51\libm.a(fp_pscB.o)
                              c:/program files (x86)/atmel/studio/7.0/toolchain/avr8/avr8-gnu-toolchain/bin/../lib/gcc/avr/5.4.0/../../../../avr/lib/avr51\libm.a(addsf3x.o) (__fp_pscB)
c:/program files (x86)/atmel/studio/7.0/toolchain/avr8/avr8-gnu-toolchain/bin/../lib/gcc/avr/5.4.0/../../../../avr/lib/avr51\libm.a(fp_round.o)
                              c:/program files (x86)/atmel/studio/7.0/toolchain/avr8/avr8-gnu-toolchain/bin/../lib/gcc/avr/5.4.0/../../../../avr/lib/avr51\libm.a(addsf3.o) (__fp_round)
c:/program files (x86)/atmel/studio/7.0/toolchain/avr8/avr8-gnu-toolchain/bin/../lib/gcc/avr/5.4.0/../../../../avr/lib/avr51\libm.a(fp_split3.o)
                              c:/program files (x86)/atmel/studio/7.0/toolchain/avr8/avr8-gnu-toolchain/bin/../lib/gcc/avr/5.4.0/../../../../avr/lib/avr51\libm.a(addsf3x.o) (__fp_split3)
c:/program files (x86)/atmel/studio/7.0/toolchain/avr8/avr8-gnu-toolchain/bin/../lib/gcc/avr/5.4.0/../../../../avr/lib/avr51\libm.a(fp_zero.o)
                              c:/program files (x86)/atmel/studio/7.0/toolchain/avr8/avr8-gnu-toolchain/bin/../lib/gcc/avr/5.4.0/../../../../avr/lib/avr51\libm.a(addsf3x.o) (__fp_zero)
c:/program files (x86)/atmel/studio/7.0/toolchain/avr8/avr8-gnu-toolchain/bin/../lib/gcc/avr/5.4.0/../../../../avr/lib/avr51\libm.a(gesf2.o)
                              controller.o (__gesf2)
c:/program files (x86)/atmel/studio/7.0/toolchain/avr8/avr8-gnu-toolchain/bin/../lib/gcc/avr/5.4.0/../../../../avr/lib/avr51\libm.a(mulsf3.o)
                              actuator.o (__mulsf3)
[...]
Memory Configuration

Name             Origin             Length             Attributes
text             0x00000000         0x00020000         xr
data             0x00800100         0x0000ff00         rw !x
eeprom           0x00810000         0x00010000         rw !x
fuse             0x00820000         0x00000003         rw !x
lock             0x00830000         0x00000400         rw !x
signature        0x00840000         0x00000400         rw !x
user_signatures  0x00850000         0x00000400         rw !x
*default*        0x00000000         0xffffffff

Linker script and memory map

Address of section .data set to 0x800100
LOAD C:/Program Files (x86)/Atmel/Studio/7.0/Packs/atmel/ATmega_DFP/1.1.130/gcc/dev/at90can128/avr51/crtat90can128.o
LOAD actuator.o
LOAD controller.o
LOAD DigiCom.o
LOAD speed.o
LOAD state_machine.o
LOAD pwm.o
LOAD usart.o
LOAD main.o
LOAD pid.o
LOAD sensors.o
LOAD UniversalModuleDrivers/adc.o
LOAD UniversalModuleDrivers/can.o
LOAD UniversalModuleDrivers/rgbled.o
LOAD UniversalModuleDrivers/spi.o
LOAD UniversalModuleDrivers/timer.o
LOAD UniversalModuleDrivers/uart.o
LOAD usbdb.o
START GROUP
LOAD c:/program files (x86)/atmel/studio/7.0/toolchain/avr8/avr8-gnu-toolchain/bin/../lib/gcc/avr/5.4.0/../../../../avr/lib/avr51\libm.a
END GROUP
START GROUP
LOAD c:/program files (x86)/atmel/studio/7.0/toolchain/avr8/avr8-gnu-toolchain/bin/../lib/gcc/avr/5.4.0/avr51\libgcc.a
LOAD c:/program files (x86)/atmel/studio/7.0/toolchain/avr8/avr8-gnu-toolchain/bin/../lib/gcc/avr/5.4.0/../../../../avr/lib/avr51\libm.a
LOAD c:/program files (x86)/atmel/studio/7.0/toolchain/avr8/avr8-gnu-toolchain/bin/../lib/gcc/avr/5.4.0/../../../../avr/lib/avr51\libc.a
LOAD C:/Program Files (x86)/Atmel/Studio/7.0/Packs/atmel/ATmega_DFP/1.1.130/gcc/dev/at90can128/avr51\libat90can128.a
END GROUP
                0x00020000                __TEXT_REGION_LENGTH__ = DEFINED (__TEXT_REGION_LENGTH__)?__TEXT_REGION_LENGTH__:0x20000
                0x0000ff00                __DATA_REGION_LENGTH__ = DEFINED (__DATA_REGION_LENGTH__)?__DATA_REGION_LENGTH__:0xff00
                0x00010000                __EEPROM_REGION_LENGTH__ = DEFINED (__EEPROM_REGION_LENGTH__)?__EEPROM_REGION_LENGTH__:0x10000
                [0x00000003]                __FUSE_REGION_LENGTH__ = DEFINED (__FUSE_REGION_LENGTH__)?__FUSE_REGION_LENGTH__:0x400
                0x00000400                __LOCK_REGION_LENGTH__ = DEFINED (__LOCK_REGION_LENGTH__)?__LOCK_REGION_LENGTH__:0x400
                0x00000400                __SIGNATURE_REGION_LENGTH__ = DEFINED (__SIGNATURE_REGION_LENGTH__)?__SIGNATURE_REGION_LENGTH__:0x400
                0x00000400                __USER_SIGNATURE_REGION_LENGTH__ = DEFINED (__USER_SIGNATURE_REGION_LENGTH__)?__USER_SIGNATURE_REGION_LENGTH__:0x400

.hash
 *(.hash)

.dynsym
 *(.dynsym)

.dynstr
 *(.dynstr)

.gnu.version
 *(.gnu.version)

.gnu.version_d
 *(.gnu.version_d)

.gnu.version_r
 *(.gnu.version_r)

.rel.init
 *(.rel.init)

.rela.init
 *(.rela.init)

.rel.text
 *(.rel.text)
 *(.rel.text.*)
 *(.rel.gnu.linkonce.t*)

.rela.text
 *(.rela.text)
 *(.rela.text.*)
 *(.rela.gnu.linkonce.t*)

.rel.fini
 *(.rel.fini)

.rela.fini
 *(.rela.fini)

.rel.rodata
 *(.rel.rodata)
 *(.rel.rodata.*)
 *(.rel.gnu.linkonce.r*)

.rela.rodata
 *(.rela.rodata)
 *(.rela.rodata.*)
 *(.rela.gnu.linkonce.r*)

.rel.data
 *(.rel.data)
 *(.rel.data.*)
 *(.rel.gnu.linkonce.d*)

.rela.data
 *(.rela.data)
 *(.rela.data.*)
 *(.rela.gnu.linkonce.d*)

.rel.ctors
 *(.rel.ctors)

.rela.ctors
 *(.rela.ctors)

.rel.dtors
 *(.rel.dtors)

.rela.dtors
 *(.rela.dtors)

.rel.got
 *(.rel.got)

.rela.got
 *(.rela.got)

.rel.bss
 *(.rel.bss)

.rela.bss
 *(.rela.bss)

.rel.plt
 *(.rel.plt)

.rela.plt
 *(.rela.plt)

.text           0x00000000     0x2de0
 *(.vectors)
 .vectors       0x00000000       0x94 C:/Program Files (x86)/Atmel/Studio/7.0/Packs/atmel/ATmega_DFP/1.1.130/gcc/dev/at90can128/avr51/crtat90can128.o
                0x00000000                __vector_default
                0x00000000                __vectors
 *(.vectors)
 *(.progmem.gcc*)
 .progmem.gcc_sw_table.Set_ADC_Channel_ext
                0x00000094       0x10 UniversalModuleDrivers/adc.o
                0x000000a4                . = ALIGN (0x2)
                0x000000a4                __trampolines_start = .
 *(.trampolines)
 .trampolines   0x000000a4        0x0 linker stubs
 *(.trampolines*)
                0x000000a4                __trampolines_end = .
 *libprintf_flt.a:*(.progmem.data)
 *libc.a:*(.progmem.data)
 *(.progmem*)
                0x000000a4                . = ALIGN (0x2)
 *(.jumptables)
 *(.jumptables*)
 *(.lowtext)
 *(.lowtext*)
                0x000000a4                __ctors_start = .
 *(.ctors)
                0x000000a4                __ctors_end = .
                0x000000a4                __dtors_start = .
 *(.dtors)
                0x000000a4                __dtors_end = .
 SORT(*)(.ctors)
 SORT(*)(.dtors)
 *(.init0)
 .init0         0x000000a4        0x0 C:/Program Files (x86)/Atmel/Studio/7.0/Packs/atmel/ATmega_DFP/1.1.130/gcc/dev/at90can128/avr51/crtat90can128.o
                0x000000a4                __init
 *(.init0)
 *(.init1)
 *(.init1)
 *(.init2)
 .init2         0x000000a4        0xc C:/Program Files (x86)/Atmel/Studio/7.0/Packs/atmel/ATmega_DFP/1.1.130/gcc/dev/at90can128/avr51/crtat90can128.o
 *(.init2)
 *(.init3)
 *(.init3)
 *(.init4)
 .init4         0x000000b0       0x1a c:/program files (x86)/atmel/studio/7.0/toolchain/avr8/avr8-gnu-toolchain/bin/../lib/gcc/avr/5.4.0/avr51\libgcc.a(_copy_data.o)
                0x000000b0                __do_copy_data
 .init4         0x000000ca       0x10 c:/program files (x86)/atmel/studio/7.0/toolchain/avr8/avr8-gnu-toolchain/bin/../lib/gcc/avr/5.4.0/avr51\libgcc.a(_clear_bss.o)
                0x000000ca                __do_clear_bss
 *(.init4)
 *(.init5)
 *(.init5)
 *(.init6)
 *(.init6)
 *(.init7)
 *(.init7)
 *(.init8)
 *(.init8)
 *(.init9)
 .init9         0x000000da        0x8 C:/Program Files (x86)/Atmel/Studio/7.0/Packs/atmel/ATmega_DFP/1.1.130/gcc/dev/at90can128/avr51/crtat90can128.o
 *(.init9)
 *(.text)
 .text          0x000000e2        0x2 C:/Program Files (x86)/Atmel/Studio/7.0/Packs/atmel/ATmega_DFP/1.1.130/gcc/dev/at90can128/avr51/crtat90can128.o
                0x000000e2                __vector_28
                0x000000e2                __vector_1
                0x000000e2                __vector_34
                0x000000e2                __vector_24
                0x000000e2                __bad_interrupt
                0x000000e2                __vector_31
                0x000000e2                __vector_35
                0x000000e2                __vector_3
                0x000000e2                __vector_23
                0x000000e2                __vector_30
                0x000000e2                __vector_25
                0x000000e2                __vector_11
                0x000000e2                __vector_13
                0x000000e2                __vector_19
                0x000000e2                __vector_7
                0x000000e2                __vector_27
                0x000000e2                __vector_5
                0x000000e2                __vector_4
                0x000000e2                __vector_9
                0x000000e2                __vector_2
                0x000000e2                __vector_15
                0x000000e2                __vector_36
                0x000000e2                __vector_29
                0x000000e2                __vector_8
                0x000000e2                __vector_26
                0x000000e2                __vector_14
                0x000000e2                __vector_10
                0x000000e2                __vector_20
                0x000000e4                . = ALIGN (0x2)
 *(.text.*)
 .text.actuator_update
                0x000000e4       0x5e actuator.o
                0x000000e4                actuator_update
 .text.actuator_save_position
                0x00000142       0x8a actuator.o
                0x00000142                actuator_save_position
 .text.actuator_pwm
                0x000001cc       0x16 actuator.o
                0x000001cc                actuator_pwm
 .text.actuator_set_position
                0x000001e2      0x11e actuator.o
                0x000001e2                actuator_set_position
 .text.actuator_p_controller
                0x00000300       0xfe actuator.o
                0x00000300                actuator_p_controller
 .text.reset_I  0x000003fe       0x12 controller.o
                0x000003fe                reset_I
 .text.set_I    0x00000410       0x36 controller.o
                0x00000410                set_I
 .text.controller
                0x00000446      0x29a controller.o
                0x00000446                controller
 .text.drivers_init
                0x000006e0        0x4 controller.o
                0x000006e0                drivers_init
 .text.drivers  0x000006e4        0xc controller.o
                0x000006e4                drivers
 .text.SPI_handler_0
                0x000006f0       0x7a DigiCom.o
                0x000006f0                SPI_handler_0
 .text.SPI_handler_1
                0x0000076a       0x44 DigiCom.o
                0x0000076a                SPI_handler_1
 .text.SPI_handler_4
                0x000007ae       0x42 DigiCom.o
                0x000007ae                SPI_handler_4
 .text.SPI_handler_6
                0x000007f0       0xa6 DigiCom.o
                0x000007f0                SPI_handler_6
 .text.SPI_handler_7
                0x00000896       0x44 DigiCom.o
                0x00000896                SPI_handler_7
 .text.handle_can
                0x000008da       0xae DigiCom.o
                0x000008da                handle_can
 .text.handle_motor_status_can_msg
                0x00000988       0xde DigiCom.o
                0x00000988                handle_motor_status_can_msg
 .text.handle_clutch_cmd_can_msg
                0x00000a66       0x2c DigiCom.o
                0x00000a66                handle_clutch_cmd_can_msg
 .text.receive_uart
                0x00000a92      0x356 DigiCom.o
                0x00000a92                receive_uart
 .text.send_uart
                0x00000de8      0x18a DigiCom.o
                0x00000de8                send_uart
 .text.manage_LEDs
                0x00000f72       0xb2 DigiCom.o
                0x00000f72                manage_LEDs
 .text.speed_init
                0x00001024       0x16 speed.o
                0x00001024                speed_init
 .text.handle_speed_sensor
                0x0000103a       0x4c speed.o
                0x0000103a                handle_speed_sensor
 .text.compute_synch_duty
                0x00001086       0xb8 speed.o
                0x00001086                compute_synch_duty
 .text.state_handler
                0x0000113e      0x23e state_machine.o
                0x0000113e                state_handler
 .text.pwm_init
                0x0000137c       0xce pwm.o
                0x0000137c                pwm_init
 .text.uart0_putc
                0x0000144a       0x30 usart.o
                0x0000144a                uart0_putc
 .text.uart0_flush
                0x0000147a        0xe usart.o
                0x0000147a                uart0_flush
 .text.uart1_putc
                0x00001488       0x30 usart.o
                0x00001488                uart1_putc
 .text.uart_putchar
                0x000014b8       0x30 usart.o
                0x000014b8                uart_putchar
 .text.uart0_getc
                0x000014e8       0x26 usart.o
                0x000014e8                uart0_getc
 .text.uart0_getln
                0x0000150e       0x46 usart.o
                0x0000150e                uart0_getln
 .text.uart0_getData
                0x00001554       0x2a usart.o
                0x00001554                uart0_getData
 .text.uart1_getData
                0x0000157e       0x2a usart.o
                0x0000157e                uart1_getData
 .text.uart_getchar
                0x000015a8       0x34 usart.o
                0x000015a8                uart_getchar
 .text.__vector_22
                0x000015dc       0x3c usart.o
                0x000015dc                __vector_22
 .text.__vector_21
                0x00001618       0x36 usart.o
                0x00001618                __vector_21
 .text.__vector_33
                0x0000164e       0x3c usart.o
                0x0000164e                __vector_33
 .text.__vector_32
                0x0000168a       0x36 usart.o
                0x0000168a                __vector_32
 .text.timer1_init_ts
                0x000016c0       0x30 main.o
                0x000016c0                timer1_init_ts
 .text.timer0_init_ts
                0x000016f0       0x1e main.o
                0x000016f0                timer0_init_ts
 .text.main     0x0000170e      0x12a main.o
                0x0000170e                main
 .text.__vector_16
                0x00001838      0x17e main.o
                0x00001838                __vector_16
 .text.__vector_12
                0x000019b6      0x122 main.o
                0x000019b6                __vector_12
 .text.__vector_6
                0x00001ad8       0x56 main.o
                0x00001ad8                __vector_6
 .text.DWC_init
                0x00001b2e        0x2 sensors.o
                0x00001b2e                DWC_init
 .text.handle_DWC
                0x00001b30        0xc sensors.o
                0x00001b30                handle_DWC
 .text.handle_current_sensor
                0x00001b3c       0xe4 sensors.o
                0x00001b3c                handle_current_sensor
 .text.handle_temp_sensor
                0x00001c20       0xd2 sensors.o
                0x00001c20                handle_temp_sensor
 .text.handle_joulemeter
                0x00001cf2       0xba sensors.o
                0x00001cf2                handle_joulemeter
 .text.Set_ADC_Channel_ext
                0x00001dac       0x6c UniversalModuleDrivers/adc.o
                0x00001dac                Set_ADC_Channel_ext
 .text.__vector_18
                0x00001e18      0x1e2 UniversalModuleDrivers/can.o
                0x00001e18                __vector_18
 .text.can_init
                0x00001ffa       0xaa UniversalModuleDrivers/can.o
                0x00001ffa                can_init
 .text.can_read_message_if_new
                0x000020a4       0x86 UniversalModuleDrivers/can.o
                0x000020a4                can_read_message_if_new
 .text.can_send_message
                0x0000212a       0xfc UniversalModuleDrivers/can.o
                0x0000212a                can_send_message
 .text.rgbled_turn_off
                0x00002226        0x8 UniversalModuleDrivers/rgbled.o
                0x00002226                rgbled_turn_off
 .text.rgbled_init
                0x0000222e        0xc UniversalModuleDrivers/rgbled.o
                0x0000222e                rgbled_init
 .text.rgbled_turn_on
                0x0000223a        0xa UniversalModuleDrivers/rgbled.o
                0x0000223a                rgbled_turn_on
 .text.rgbled_toggle
                0x00002244        0x8 UniversalModuleDrivers/rgbled.o
                0x00002244                rgbled_toggle
 .text.spi_init
                0x0000224c       0x22 UniversalModuleDrivers/spi.o
                0x0000224c                spi_init
 .text.spi_trancieve
                0x0000226e       0x48 UniversalModuleDrivers/spi.o
                0x0000226e                spi_trancieve
 .text.__vector_17
                0x000022b6       0x78 UniversalModuleDrivers/timer.o
                0x000022b6                __vector_17
 .text.avr-libc.fplib
                0x0000232e        0xa c:/program files (x86)/atmel/studio/7.0/toolchain/avr8/avr8-gnu-toolchain/bin/../lib/gcc/avr/5.4.0/../../../../avr/lib/avr51\libm.a(addsf3.o)
                0x0000232e                __subsf3
                0x00002330                __addsf3
 .text.avr-libc.fplib
                0x00002338       0xc0 c:/program files (x86)/atmel/studio/7.0/toolchain/avr8/avr8-gnu-toolchain/bin/../lib/gcc/avr/5.4.0/../../../../avr/lib/avr51\libm.a(addsf3x.o)
                0x00002352                __addsf3x
 .text.avr-libc.fplib
                0x000023f8        0x8 c:/program files (x86)/atmel/studio/7.0/toolchain/avr8/avr8-gnu-toolchain/bin/../lib/gcc/avr/5.4.0/../../../../avr/lib/avr51\libm.a(cmpsf2.o)
                0x000023f8                __nesf2
                0x000023f8                __eqsf2
                0x000023f8                __cmpsf2
                0x000023f8                __ltsf2
                0x000023f8                __lesf2
 .text.avr-libc.fplib
                0x00002400        0x4 c:/program files (x86)/atmel/studio/7.0/toolchain/avr8/avr8-gnu-toolchain/bin/../lib/gcc/avr/5.4.0/../../../../avr/lib/avr51\libm.a(divsf3.o)
                0x00002400                __divsf3
 .text.avr-libc.fplib
                0x00002404       0xcc c:/program files (x86)/atmel/studio/7.0/toolchain/avr8/avr8-gnu-toolchain/bin/../lib/gcc/avr/5.4.0/../../../../avr/lib/avr51\libm.a(divsf3x.o)
                0x0000241a                __divsf3x
                0x0000241e                __divsf3_pse
 .text.avr-libc.fplib
                0x000024d0        0xa c:/program files (x86)/atmel/studio/7.0/toolchain/avr8/avr8-gnu-toolchain/bin/../lib/gcc/avr/5.4.0/../../../../avr/lib/avr51\libm.a(fixsfsi.o)
                0x000024d0                __fixsfsi
 .text.avr-libc.fplib
                0x000024da       0x58 c:/program files (x86)/atmel/studio/7.0/toolchain/avr8/avr8-gnu-toolchain/bin/../lib/gcc/avr/5.4.0/../../../../avr/lib/avr51\libm.a(fixunssfsi.o)
                0x000024da                __fixunssfsi
 .text.avr-libc.fplib
                0x00002532       0x7a c:/program files (x86)/atmel/studio/7.0/toolchain/avr8/avr8-gnu-toolchain/bin/../lib/gcc/avr/5.4.0/../../../../avr/lib/avr51\libm.a(floatsisf.o)
                0x00002532                __floatunsisf
                0x00002536                __floatsisf
 .text.avr-libc.fplib
                0x000025ac       0x48 c:/program files (x86)/atmel/studio/7.0/toolchain/avr8/avr8-gnu-toolchain/bin/../lib/gcc/avr/5.4.0/../../../../avr/lib/avr51\libm.a(fp_cmp.o)
                0x000025ac                __fp_cmp
 .text.avr-libc.fplib
                0x000025f4        0xc c:/program files (x86)/atmel/studio/7.0/toolchain/avr8/avr8-gnu-toolchain/bin/../lib/gcc/avr/5.4.0/../../../../avr/lib/avr51\libm.a(fp_inf.o)
                0x000025f4                __fp_inf
 .text.avr-libc.fplib
                0x00002600        0x6 c:/program files (x86)/atmel/studio/7.0/toolchain/avr8/avr8-gnu-toolchain/bin/../lib/gcc/avr/5.4.0/../../../../avr/lib/avr51\libm.a(fp_nan.o)
                0x00002600                __fp_nan
 .text.avr-libc.fplib
                0x00002606        0xe c:/program files (x86)/atmel/studio/7.0/toolchain/avr8/avr8-gnu-toolchain/bin/../lib/gcc/avr/5.4.0/../../../../avr/lib/avr51\libm.a(fp_pscA.o)
                0x00002606                __fp_pscA
 .text.avr-libc.fplib
                0x00002614        0xe c:/program files (x86)/atmel/studio/7.0/toolchain/avr8/avr8-gnu-toolchain/bin/../lib/gcc/avr/5.4.0/../../../../avr/lib/avr51\libm.a(fp_pscB.o)
                0x00002614                __fp_pscB
 .text.avr-libc.fplib
                0x00002622       0x22 c:/program files (x86)/atmel/studio/7.0/toolchain/avr8/avr8-gnu-toolchain/bin/../lib/gcc/avr/5.4.0/../../../../avr/lib/avr51\libm.a(fp_round.o)
                0x00002622                __fp_round
 .text.avr-libc.fplib
                0x00002644       0x44 c:/program files (x86)/atmel/studio/7.0/toolchain/avr8/avr8-gnu-toolchain/bin/../lib/gcc/avr/5.4.0/../../../../avr/lib/avr51\libm.a(fp_split3.o)
                0x00002644                __fp_split3
                0x00002654                __fp_splitA
 .text.avr-libc.fplib
                0x00002688        0xe c:/program files (x86)/atmel/studio/7.0/toolchain/avr8/avr8-gnu-toolchain/bin/../lib/gcc/avr/5.4.0/../../../../avr/lib/avr51\libm.a(fp_zero.o)
                0x00002688                __fp_zero
                0x0000268a                __fp_szero
 .text.avr-libc.fplib
                0x00002696        0x8 c:/program files (x86)/atmel/studio/7.0/toolchain/avr8/avr8-gnu-toolchain/bin/../lib/gcc/avr/5.4.0/../../../../avr/lib/avr51\libm.a(gesf2.o)
                0x00002696                __gesf2
                0x00002696                __gtsf2
 .text.avr-libc.fplib
                0x0000269e        0x4 c:/program files (x86)/atmel/studio/7.0/toolchain/avr8/avr8-gnu-toolchain/bin/../lib/gcc/avr/5.4.0/../../../../avr/lib/avr51\libm.a(mulsf3.o)
                0x0000269e                __mulsf3
 .text.avr-libc.fplib
                0x000026a2       0xc2 c:/program files (x86)/atmel/studio/7.0/toolchain/avr8/avr8-gnu-toolchain/bin/../lib/gcc/avr/5.4.0/../../../../avr/lib/avr51\libm.a(mulsf3x.o)
                0x000026b6                __mulsf3x
                0x000026ba                __mulsf3_pse
 .text.libgcc   0x00002764       0x12 c:/program files (x86)/atmel/studio/7.0/toolchain/avr8/avr8-gnu-toolchain/bin/../lib/gcc/avr/5.4.0/avr51\libgcc.a(_tablejump2.o)
                0x00002764                __tablejump2__
 .text.avr-libc
                0x00002776       0x3a c:/program files (x86)/atmel/studio/7.0/toolchain/avr8/avr8-gnu-toolchain/bin/../lib/gcc/avr/5.4.0/../../../../avr/lib/avr51\libc.a(atoi.o)
                0x00002776                atoi
 .text.avr-libc
                0x000027b0       0x12 c:/program files (x86)/atmel/studio/7.0/toolchain/avr8/avr8-gnu-toolchain/bin/../lib/gcc/avr/5.4.0/../../../../avr/lib/avr51\libc.a(strcmp.o)
                0x000027b0                strcmp
 .text.avr-libc
                0x000027c2       0x10 c:/program files (x86)/atmel/studio/7.0/toolchain/avr8/avr8-gnu-toolchain/bin/../lib/gcc/avr/5.4.0/../../../../avr/lib/avr51\libc.a(mul10.o)
                0x000027c2                __mulhi_const_10
 .text.avr-libc
                0x000027d2       0x26 c:/program files (x86)/atmel/studio/7.0/toolchain/avr8/avr8-gnu-toolchain/bin/../lib/gcc/avr/5.4.0/../../../../avr/lib/avr51\libc.a(printf.o)
                0x000027d2                printf
 .text.avr-libc
                0x000027f8        0xa c:/program files (x86)/atmel/studio/7.0/toolchain/avr8/avr8-gnu-toolchain/bin/../lib/gcc/avr/5.4.0/../../../../avr/lib/avr51\libc.a(putchar.o)
                0x000027f8                putchar
 .text.avr-libc
                0x00002802       0x60 c:/program files (x86)/atmel/studio/7.0/toolchain/avr8/avr8-gnu-toolchain/bin/../lib/gcc/avr/5.4.0/../../../../avr/lib/avr51\libc.a(puts.o)
                0x00002802                puts
 .text.avr-libc
                0x00002862      0x3fa c:/program files (x86)/atmel/studio/7.0/toolchain/avr8/avr8-gnu-toolchain/bin/../lib/gcc/avr/5.4.0/../../../../avr/lib/avr51\libc.a(vfprintf_std.o)
                0x00002862                vfprintf
 .text.avr-libc
                0x00002c5c       0x16 c:/program files (x86)/atmel/studio/7.0/toolchain/avr8/avr8-gnu-toolchain/bin/../lib/gcc/avr/5.4.0/../../../../avr/lib/avr51\libc.a(strnlen_P.o)
                0x00002c5c                strnlen_P
 .text.avr-libc
                0x00002c72       0x16 c:/program files (x86)/atmel/studio/7.0/toolchain/avr8/avr8-gnu-toolchain/bin/../lib/gcc/avr/5.4.0/../../../../avr/lib/avr51\libc.a(strnlen.o)
                0x00002c72                strnlen
 .text.avr-libc
                0x00002c88       0x78 c:/program files (x86)/atmel/studio/7.0/toolchain/avr8/avr8-gnu-toolchain/bin/../lib/gcc/avr/5.4.0/../../../../avr/lib/avr51\libc.a(fputc.o)
                0x00002c88                fputc
 .text.avr-libc
                0x00002d00       0xbc c:/program files (x86)/atmel/studio/7.0/toolchain/avr8/avr8-gnu-toolchain/bin/../lib/gcc/avr/5.4.0/../../../../avr/lib/avr51\libc.a(ultoa_invert.o)
                0x00002d00                __ultoa_invert
 .text.avr-libc
                0x00002dbc        0x6 C:/Program Files (x86)/Atmel/Studio/7.0/Packs/atmel/ATmega_DFP/1.1.130/gcc/dev/at90can128/avr51\libat90can128.a(eewr_word.o)
                0x00002dbc                eeprom_write_word
 .text.avr-libc
                0x00002dc2       0x1a C:/Program Files (x86)/Atmel/Studio/7.0/Packs/atmel/ATmega_DFP/1.1.130/gcc/dev/at90can128/avr51\libat90can128.a(eewr_byte.o)
                0x00002dc2                eeprom_write_byte
                0x00002dc4                eeprom_write_r18
                0x00002ddc                . = ALIGN (0x2)
 *(.fini9)
 .fini9         0x00002ddc        0x0 c:/program files (x86)/atmel/studio/7.0/toolchain/avr8/avr8-gnu-toolchain/bin/../lib/gcc/avr/5.4.0/avr51\libgcc.a(_exit.o)
                0x00002ddc                _exit
                0x00002ddc                exit
 *(.fini9)
 *(.fini8)
 *(.fini8)
 *(.fini7)
 *(.fini7)
 *(.fini6)
 *(.fini6)
 *(.fini5)
 *(.fini5)
 *(.fini4)
 *(.fini4)
 *(.fini3)
 *(.fini3)
 *(.fini2)
 *(.fini2)
 *(.fini1)
 *(.fini1)
 *(.fini0)
 .fini0         0x00002ddc        0x4 c:/program files (x86)/atmel/studio/7.0/toolchain/avr8/avr8-gnu-toolchain/bin/../lib/gcc/avr/5.4.0/avr51\libgcc.a(_exit.o)
 *(.fini0)
                0x00002de0                _etext = .

.data           0x00800100       0xe0 load address 0x00002de0
                0x00800100                PROVIDE (__data_start, .)
 *(.data)
 *(.data*)
 .data.f32_DutyCycleCmd.2176
                0x00800100        0x4 controller.o
 .data.uart0_io
                0x00800104        0xe usart.o
                0x00800104                uart0_io
 .data.ComValues
                0x00800112       0x3d main.o
                0x00800112                ComValues
 *(.gnu.linkonce.d*)
 *(.rodata)
 *(.rodata*)
 .rodata.str1.1
                0x0080014f       0x91 DigiCom.o
                                 0x93 (size before relaxing)
 *(.gnu.linkonce.r*)
                0x008001e0                . = ALIGN (0x2)
                0x008001e0                _edata = .
                0x008001e0                PROVIDE (__data_end, .)

.bss            0x008001e0      0x271
                0x008001e0                PROVIDE (__bss_start, .)
 *(.bss)
 *(.bss*)
 .bss.ActuatorComValues
                0x008001e0       0x12 actuator.o
                0x008001e0                ActuatorComValues
 .bss.b_saturation.2178
                0x008001f2        0x1 controller.o
 .bss.f32_Integrator
                0x008001f3        0x4 controller.o
 .bss.u8_rxBuffer
                0x008001f7        0x3 DigiCom.o
 .bss.u8_txBuffer
                0x008001fa        0x2 DigiCom.o
 .bss.starting_engage
                0x008001fc        0x1 state_machine.o
 .bss.fault_timeout
                0x008001fd        0x2 state_machine.o
 .bss.b_major_fault
                0x008001ff        0x1 state_machine.o
 .bss.u16_speed_count
                0x00800200        0x2 main.o
                0x00800200                u16_speed_count
 .bss.u8_SPI_count
                0x00800202        0x1 main.o
                0x00800202                u8_SPI_count
 .bss.b_send_uart
                0x00800203        0x1 main.o
                0x00800203                b_send_uart
 .bss.b_select_can_msg
                0x00800204        0x1 main.o
                0x00800204                b_select_can_msg
 .bss.b_send_can
                0x00800205        0x1 main.o
                0x00800205                b_send_can
 .bss.systic_counter_slow
                0x00800206        0x2 main.o
                0x00800206                systic_counter_slow
 .bss.systic_counter_fast
                0x00800208        0x1 main.o
                0x00800208                systic_counter_fast
 .bss.reset     0x00800209        0x1 UniversalModuleDrivers/can.o
 .bss.rx_on     0x0080020a        0x1 UniversalModuleDrivers/can.o
 .bss.rx_off    0x0080020b        0x1 UniversalModuleDrivers/can.o
 .bss.tx_busy   0x0080020c        0x1 UniversalModuleDrivers/can.o
 .bss.tx_on     0x0080020d        0x1 UniversalModuleDrivers/can.o
 .bss.tx_off    0x0080020e        0x1 UniversalModuleDrivers/can.o
 .bss.rx_frames
                0x0080020f       0xb0 UniversalModuleDrivers/can.o
 .bss.tx_frames
                0x008002bf       0xb0 UniversalModuleDrivers/can.o
 .bss.elapsed_microseconds
                0x0080036f       0x20 UniversalModuleDrivers/timer.o
 .bss.timer_enabled
                0x0080038f        0x8 UniversalModuleDrivers/timer.o
 *(COMMON)
 COMMON         0x00800397       0x2c DigiCom.o
                0x00800397                rxFrame
                0x008003a2                rxFrame1
                0x008003ad                txFrame1
                0x008003b8                txFrame
 COMMON         0x008003c3       0x88 usart.o
                0x008003c3                rx0_buffer
                0x008003e3                rx1_Tail
                0x008003e4                tx0_Tail
                0x008003e5                rx0_Tail
                0x008003e6                tx1_buffer
                0x00800406                tx0_Head
                0x00800407                rx1_buffer
                0x00800427                rx0_Head
                0x00800428                tx1_Tail
                0x00800429                rx1_Head
                0x0080042a                tx1_Head
                0x0080042b                tx0_buffer
 COMMON         0x0080044b        0x6 c:/program files (x86)/atmel/studio/7.0/toolchain/avr8/avr8-gnu-toolchain/bin/../lib/gcc/avr/5.4.0/../../../../avr/lib/avr51\libc.a(iob.o)
                0x0080044b                __iob
                0x00800451                PROVIDE (__bss_end, .)
                0x00002de0                __data_load_start = LOADADDR (.data)
                0x00002ec0                __data_load_end = (__data_load_start + SIZEOF (.data))

.noinit         0x00800451        0x0
                [!provide]                PROVIDE (__noinit_start, .)
 *(.noinit*)
                [!provide]                PROVIDE (__noinit_end, .)
                0x00800451                _end = .
                0x00800451                PROVIDE (__heap_start, .)

.eeprom         0x00810000        0x0
 *(.eeprom*)
                0x00810000                __eeprom_end = .

.fuse
 *(.fuse)
 *(.lfuse)
 *(.hfuse)
 *(.efuse)

.lock
 *(.lock*)

.signature
 *(.signature*)

.user_signatures
 *(.user_signatures*)

.stab
 *(.stab)

.stabstr
 *(.stabstr)

.stab.excl
 *(.stab.excl)

.stab.exclstr
 *(.stab.exclstr)

.stab.index
 *(.stab.index)

.stab.indexstr
 *(.stab.indexstr)

.comment        0x00000000       0x8c
 *(.comment)
 .comment       0x00000000       0x30 actuator.o
                                 0x31 (size before relaxing)
 .comment       0x00000030       0x31 controller.o
 .comment       0x00000030       0x31 DigiCom.o
 .comment       0x00000030       0x31 speed.o
 .comment       0x00000030       0x31 state_machine.o
 .comment       0x00000030       0x31 pwm.o
 .comment       0x00000030       0x30 usart.o
                                 0x31 (size before relaxing)
 .comment       0x00000060       0x31 main.o
 .comment       0x00000060       0x31 sensors.o
 .comment       0x00000060       0x31 UniversalModuleDrivers/adc.o
 .comment       0x00000060       0x31 UniversalModuleDrivers/can.o
 .comment       0x00000060       0x31 UniversalModuleDrivers/rgbled.o
 .comment       0x00000060       0x31 UniversalModuleDrivers/spi.o
 .comment       0x00000060       0x31 UniversalModuleDrivers/timer.o
 .comment       0x00000060       0x31 c:/program files (x86)/atmel/studio/7.0/toolchain/avr8/avr8-gnu-toolchain/bin/../lib/gcc/avr/5.4.0/../../../../avr/lib/avr51\libc.a(iob.o)
 .comment       0x00000060       0x31 c:/program files (x86)/atmel/studio/7.0/toolchain/avr8/avr8-gnu-toolchain/bin/../lib/gcc/avr/5.4.0/../../../../avr/lib/avr51\libc.a(printf.o)
 .comment       0x00000060       0x31 c:/program files (x86)/atmel/studio/7.0/toolchain/avr8/avr8-gnu-toolchain/bin/../lib/gcc/avr/5.4.0/../../../../avr/lib/avr51\libc.a(putchar.o)
 .comment       0x00000060       0x31 c:/program files (x86)/atmel/studio/7.0/toolchain/avr8/avr8-gnu-toolchain/bin/../lib/gcc/avr/5.4.0/../../../../avr/lib/avr51\libc.a(puts.o)
 .comment       0x00000060       0x2c c:/program files (x86)/atmel/studio/7.0/toolchain/avr8/avr8-gnu-toolchain/bin/../lib/gcc/avr/5.4.0/../../../../avr/lib/avr51\libc.a(vfprintf_std.o)
                                 0x2d (size before relaxing)
 .comment       0x0000008c       0x31 c:/program files (x86)/atmel/studio/7.0/toolchain/avr8/avr8-gnu-toolchain/bin/../lib/gcc/avr/5.4.0/../../../../avr/lib/avr51\libc.a(fputc.o)

.note.gnu.avr.deviceinfo
                0x00000000       0x40
 .note.gnu.avr.deviceinfo
                0x00000000       0x40 C:/Program Files (x86)/Atmel/Studio/7.0/Packs/atmel/ATmega_DFP/1.1.130/gcc/dev/at90can128/avr51/crtat90can128.o

.note.gnu.build-id
 *(.note.gnu.build-id)

.debug
 *(.debug)

.line
 *(.line)

.debug_srcinfo
 *(.debug_srcinfo)

.debug_sfnames
 *(.debug_sfnames)

.debug_aranges  0x00000000      0x570
 *(.debug_aranges)
 .debug_aranges
                0x00000000       0x50 actuator.o
 .debug_aranges
                0x00000050       0x40 controller.o
 .debug_aranges
                0x00000090       0x70 DigiCom.o
 .debug_aranges
                0x00000100       0x30 speed.o
 .debug_aranges
                0x00000130       0x20 state_machine.o
 .debug_aranges
                0x00000150       0x20 pwm.o
 .debug_aranges
                0x00000170      0x208 usart.o
 .debug_aranges
                0x00000378       0x48 main.o
 .debug_aranges
                0x000003c0       0x48 sensors.o
 .debug_aranges
                0x00000408       0x48 UniversalModuleDrivers/adc.o
 .debug_aranges
                0x00000450       0x38 UniversalModuleDrivers/can.o
 .debug_aranges
                0x00000488       0x38 UniversalModuleDrivers/rgbled.o
 .debug_aranges
                0x000004c0       0x30 UniversalModuleDrivers/spi.o
 .debug_aranges
                0x000004f0       0x40 UniversalModuleDrivers/timer.o
 .debug_aranges
                0x00000530       0x20 C:/Program Files (x86)/Atmel/Studio/7.0/Packs/atmel/ATmega_DFP/1.1.130/gcc/dev/at90can128/avr51\libat90can128.a(eewr_word.o)
 .debug_aranges
                0x00000550       0x20 C:/Program Files (x86)/Atmel/Studio/7.0/Packs/atmel/ATmega_DFP/1.1.130/gcc/dev/at90can128/avr51\libat90can128.a(eewr_byte.o)

.debug_pubnames
 *(.debug_pubnames)

.debug_info     0x00000000     0x6f7b
 *(.debug_info .gnu.linkonce.wi.*)
 .debug_info    0x00000000      0xa2d C:/Program Files (x86)/Atmel/Studio/7.0/Packs/atmel/ATmega_DFP/1.1.130/gcc/dev/at90can128/avr51/crtat90can128.o
 .debug_info    0x00000a2d      0x719 actuator.o
 .debug_info    0x00001146      0x4c1 controller.o
 .debug_info    0x00001607     0x1202 DigiCom.o
 .debug_info    0x00002809      0x1a9 speed.o
 .debug_info    0x000029b2      0x579 state_machine.o
 .debug_info    0x00002f2b       0xa7 pwm.o
 .debug_info    0x00002fd2     0x2004 usart.o
 .debug_info    0x00004fd6      0xc35 main.o
 .debug_info    0x00005c0b      0x507 sensors.o
 .debug_info    0x00006112      0x22b UniversalModuleDrivers/adc.o
 .debug_info    0x0000633d      0x5b0 UniversalModuleDrivers/can.o
 .debug_info    0x000068ed      0x141 UniversalModuleDrivers/rgbled.o
 .debug_info    0x00006a2e      0x213 UniversalModuleDrivers/spi.o
 .debug_info    0x00006c41      0x1e0 UniversalModuleDrivers/timer.o
 .debug_info    0x00006e21       0xad C:/Program Files (x86)/Atmel/Studio/7.0/Packs/atmel/ATmega_DFP/1.1.130/gcc/dev/at90can128/avr51\libat90can128.a(eewr_word.o)
 .debug_info    0x00006ece       0xad C:/Program Files (x86)/Atmel/Studio/7.0/Packs/atmel/ATmega_DFP/1.1.130/gcc/dev/at90can128/avr51\libat90can128.a(eewr_byte.o)

.debug_abbrev   0x00000000     0x1dc4
 *(.debug_abbrev)
 .debug_abbrev  0x00000000      0x9a0 C:/Program Files (x86)/Atmel/Studio/7.0/Packs/atmel/ATmega_DFP/1.1.130/gcc/dev/at90can128/avr51/crtat90can128.o
 .debug_abbrev  0x000009a0      0x1a3 actuator.o
 .debug_abbrev  0x00000b43      0x167 controller.o
 .debug_abbrev  0x00000caa      0x25e DigiCom.o
 .debug_abbrev  0x00000f08      0x102 speed.o
 .debug_abbrev  0x0000100a      0x11b state_machine.o
 .debug_abbrev  0x00001125       0x69 pwm.o
 .debug_abbrev  0x0000118e      0x31a usart.o
 .debug_abbrev  0x000014a8      0x23f main.o
 .debug_abbrev  0x000016e7      0x131 sensors.o
 .debug_abbrev  0x00001818       0xc6 UniversalModuleDrivers/adc.o
 .debug_abbrev  0x000018de      0x1ea UniversalModuleDrivers/can.o
 .debug_abbrev  0x00001ac8       0xc1 UniversalModuleDrivers/rgbled.o
 .debug_abbrev  0x00001b89      0x105 UniversalModuleDrivers/spi.o
 .debug_abbrev  0x00001c8e      0x10e UniversalModuleDrivers/timer.o
 .debug_abbrev  0x00001d9c       0x14 C:/Program Files (x86)/Atmel/Studio/7.0/Packs/atmel/ATmega_DFP/1.1.130/gcc/dev/at90can128/avr51\libat90can128.a(eewr_word.o)
 .debug_abbrev  0x00001db0       0x14 C:/Program Files (x86)/Atmel/Studio/7.0/Packs/atmel/ATmega_DFP/1.1.130/gcc/dev/at90can128/avr51\libat90can128.a(eewr_byte.o)

.debug_line     0x00000000     0x327a
 *(.debug_line .debug_line.* .debug_line_end)
 .debug_line    0x00000000      0x175 C:/Program Files (x86)/Atmel/Studio/7.0/Packs/atmel/ATmega_DFP/1.1.130/gcc/dev/at90can128/avr51/crtat90can128.o
 .debug_line    0x00000175      0x369 actuator.o
 .debug_line    0x000004de      0x1d5 controller.o
 .debug_line    0x000006b3      0x6d6 DigiCom.o
 .debug_line    0x00000d89      0x13c speed.o
 .debug_line    0x00000ec5      0x380 state_machine.o
 .debug_line    0x00001245      0x12a pwm.o
 .debug_line    0x0000136f      0xe2d usart.o
 .debug_line    0x0000219c      0x3e7 main.o
 .debug_line    0x00002583      0x193 sensors.o
 .debug_line    0x00002716      0x21c UniversalModuleDrivers/adc.o
 .debug_line    0x00002932      0x3d1 UniversalModuleDrivers/can.o
 .debug_line    0x00002d03      0x10c UniversalModuleDrivers/rgbled.o
 .debug_line    0x00002e0f      0x230 UniversalModuleDrivers/spi.o
 .debug_line    0x0000303f      0x148 UniversalModuleDrivers/timer.o
 .debug_line    0x00003187       0x5b C:/Program Files (x86)/Atmel/Studio/7.0/Packs/atmel/ATmega_DFP/1.1.130/gcc/dev/at90can128/avr51\libat90can128.a(eewr_word.o)
 .debug_line    0x000031e2       0x98 C:/Program Files (x86)/Atmel/Studio/7.0/Packs/atmel/ATmega_DFP/1.1.130/gcc/dev/at90can128/avr51\libat90can128.a(eewr_byte.o)

.debug_frame    0x00000000     0x10b8
 *(.debug_frame)
 .debug_frame   0x00000000      0x158 actuator.o
 .debug_frame   0x00000158       0xa0 controller.o
 .debug_frame   0x000001f8      0x1cc DigiCom.o
 .debug_frame   0x000003c4       0x7c speed.o
 .debug_frame   0x00000440       0x30 state_machine.o
 .debug_frame   0x00000470       0x30 pwm.o
 .debug_frame   0x000004a0      0x6d0 usart.o
 .debug_frame   0x00000b70      0x174 main.o
 .debug_frame   0x00000ce4      0x148 sensors.o
 .debug_frame   0x00000e2c       0x74 UniversalModuleDrivers/adc.o
 .debug_frame   0x00000ea0       0xcc UniversalModuleDrivers/can.o
 .debug_frame   0x00000f6c       0x54 UniversalModuleDrivers/rgbled.o
 .debug_frame   0x00000fc0       0x50 UniversalModuleDrivers/spi.o
 .debug_frame   0x00001010       0xa8 UniversalModuleDrivers/timer.o

.debug_str      0x00000000     0x1a19
 *(.debug_str)
 .debug_str     0x00000000      0x39f C:/Program Files (x86)/Atmel/Studio/7.0/Packs/atmel/ATmega_DFP/1.1.130/gcc/dev/at90can128/avr51/crtat90can128.o
 .debug_str     0x0000039f      0x52f actuator.o
                                0x5d5 (size before relaxing)
 .debug_str     0x000008ce       0xaf controller.o
                                0x543 (size before relaxing)
 .debug_str     0x0000097d      0x347 DigiCom.o
                                0x82c (size before relaxing)
 .debug_str     0x00000cc4       0x90 speed.o
                                0x26e (size before relaxing)
 .debug_str     0x00000d54       0x96 state_machine.o
                                0x551 (size before relaxing)
 .debug_str     0x00000dea       0x29 pwm.o
                                0x1db (size before relaxing)
 .debug_str     0x00000e13      0x55a usart.o
                                0x73f (size before relaxing)
 .debug_str     0x0000136d      0x143 main.o
                                0x7e0 (size before relaxing)
 .debug_str     0x000014b0       0xa9 sensors.o
                                0x5a6 (size before relaxing)
 .debug_str     0x00001559      0x227 UniversalModuleDrivers/adc.o
                                0x36e (size before relaxing)
 .debug_str     0x00001780       0xe1 UniversalModuleDrivers/can.o
                                0x333 (size before relaxing)
 .debug_str     0x00001861       0x37 UniversalModuleDrivers/rgbled.o
                                0x21d (size before relaxing)
 .debug_str     0x00001898       0xb7 UniversalModuleDrivers/spi.o
                                0x294 (size before relaxing)
 .debug_str     0x0000194f       0xca UniversalModuleDrivers/timer.o
                                0x275 (size before relaxing)

.debug_loc      0x00000000     0x474d
 *(.debug_loc)
 .debug_loc     0x00000000      0x76f actuator.o
 .debug_loc     0x0000076f      0x1ad controller.o
 .debug_loc     0x0000091c      0x55a DigiCom.o
 .debug_loc     0x00000e76      0x2a6 speed.o
 .debug_loc     0x0000111c       0x65 state_machine.o
 .debug_loc     0x00001181       0x2f pwm.o
 .debug_loc     0x000011b0     0x2443 usart.o
 .debug_loc     0x000035f3      0x31a main.o
 .debug_loc     0x0000390d      0x48d sensors.o
 .debug_loc     0x00003d9a      0x14f UniversalModuleDrivers/adc.o
 .debug_loc     0x00003ee9      0x4a7 UniversalModuleDrivers/can.o
 .debug_loc     0x00004390       0x63 UniversalModuleDrivers/rgbled.o
 .debug_loc     0x000043f3      0x22d UniversalModuleDrivers/spi.o
 .debug_loc     0x00004620      0x12d UniversalModuleDrivers/timer.o

.debug_macinfo
 *(.debug_macinfo)

.debug_weaknames
 *(.debug_weaknames)

.debug_funcnames
 *(.debug_funcnames)

.debug_typenames
 *(.debug_typenames)

.debug_varnames
 *(.debug_varnames)

.debug_pubtypes
 *(.debug_pubtypes)

.debug_ranges   0x00000000      0x450
 *(.debug_ranges)
 .debug_ranges  0x00000000       0x40 actuator.o
 .debug_ranges  0x00000040       0x30 controller.o
 .debug_ranges  0x00000070       0x60 DigiCom.o
 .debug_ranges  0x000000d0       0x20 speed.o
 .debug_ranges  0x000000f0       0x10 state_machine.o
 .debug_ranges  0x00000100       0x10 pwm.o
 .debug_ranges  0x00000110      0x1f8 usart.o
 .debug_ranges  0x00000308       0x38 main.o
 .debug_ranges  0x00000340       0x38 sensors.o
 .debug_ranges  0x00000378       0x38 UniversalModuleDrivers/adc.o
 .debug_ranges  0x000003b0       0x28 UniversalModuleDrivers/can.o
 .debug_ranges  0x000003d8       0x28 UniversalModuleDrivers/rgbled.o
 .debug_ranges  0x00000400       0x20 UniversalModuleDrivers/spi.o
 .debug_ranges  0x00000420       0x30 UniversalModuleDrivers/timer.o

.debug_macro
 *(.debug_macro)
OUTPUT(MotorController_2018.elf elf32-avr)
LOAD linker stubs
